Archive member included to satisfy reference by file (symbol)

c:/st/stm32cubeide_1.7.0/stm32cubeide/plugins/com.st.stm32cube.ide.mcu.externaltools.gnu-tools-for-stm32.10.3-2021.10.win32_1.0.0.202111181127/tools/bin/../lib/gcc/arm-none-eabi/10.3.1/../../../../arm-none-eabi/lib/thumb/v7e-m+fp/hard\libstdc++_nano.a(pure.o)
                              ./Core/Src/mainpp.o (__cxa_pure_virtual)
c:/st/stm32cubeide_1.7.0/stm32cubeide/plugins/com.st.stm32cube.ide.mcu.externaltools.gnu-tools-for-stm32.10.3-2021.10.win32_1.0.0.202111181127/tools/bin/../lib/gcc/arm-none-eabi/10.3.1/../../../../arm-none-eabi/lib/thumb/v7e-m+fp/hard\libstdc++_nano.a(eh_terminate.o)
                              c:/st/stm32cubeide_1.7.0/stm32cubeide/plugins/com.st.stm32cube.ide.mcu.externaltools.gnu-tools-for-stm32.10.3-2021.10.win32_1.0.0.202111181127/tools/bin/../lib/gcc/arm-none-eabi/10.3.1/../../../../arm-none-eabi/lib/thumb/v7e-m+fp/hard\libstdc++_nano.a(pure.o) (std::terminate())
c:/st/stm32cubeide_1.7.0/stm32cubeide/plugins/com.st.stm32cube.ide.mcu.externaltools.gnu-tools-for-stm32.10.3-2021.10.win32_1.0.0.202111181127/tools/bin/../lib/gcc/arm-none-eabi/10.3.1/../../../../arm-none-eabi/lib/thumb/v7e-m+fp/hard\libstdc++_nano.a(eh_unex_handler.o)
                              c:/st/stm32cubeide_1.7.0/stm32cubeide/plugins/com.st.stm32cube.ide.mcu.externaltools.gnu-tools-for-stm32.10.3-2021.10.win32_1.0.0.202111181127/tools/bin/../lib/gcc/arm-none-eabi/10.3.1/../../../../arm-none-eabi/lib/thumb/v7e-m+fp/hard\libstdc++_nano.a(eh_terminate.o) (__cxxabiv1::__unexpected_handler)
c:/st/stm32cubeide_1.7.0/stm32cubeide/plugins/com.st.stm32cube.ide.mcu.externaltools.gnu-tools-for-stm32.10.3-2021.10.win32_1.0.0.202111181127/tools/bin/../lib/gcc/arm-none-eabi/10.3.1/../../../../arm-none-eabi/lib/thumb/v7e-m+fp/hard\libstdc++_nano.a(eh_term_handler.o)
                              c:/st/stm32cubeide_1.7.0/stm32cubeide/plugins/com.st.stm32cube.ide.mcu.externaltools.gnu-tools-for-stm32.10.3-2021.10.win32_1.0.0.202111181127/tools/bin/../lib/gcc/arm-none-eabi/10.3.1/../../../../arm-none-eabi/lib/thumb/v7e-m+fp/hard\libstdc++_nano.a(eh_terminate.o) (__cxxabiv1::__terminate_handler)
c:/st/stm32cubeide_1.7.0/stm32cubeide/plugins/com.st.stm32cube.ide.mcu.externaltools.gnu-tools-for-stm32.10.3-2021.10.win32_1.0.0.202111181127/tools/bin/../lib/gcc/arm-none-eabi/10.3.1/../../../../arm-none-eabi/lib/thumb/v7e-m+fp/hard\libm.a(lib_a-s_atan.o)
                              ./Core/Src/LMI_balance.o (atan)
c:/st/stm32cubeide_1.7.0/stm32cubeide/plugins/com.st.stm32cube.ide.mcu.externaltools.gnu-tools-for-stm32.10.3-2021.10.win32_1.0.0.202111181127/tools/bin/../lib/gcc/arm-none-eabi/10.3.1/../../../../arm-none-eabi/lib/thumb/v7e-m+fp/hard\libm.a(lib_a-s_cos.o)
                              ./Core/Src/EKF.o (cos)
c:/st/stm32cubeide_1.7.0/stm32cubeide/plugins/com.st.stm32cube.ide.mcu.externaltools.gnu-tools-for-stm32.10.3-2021.10.win32_1.0.0.202111181127/tools/bin/../lib/gcc/arm-none-eabi/10.3.1/../../../../arm-none-eabi/lib/thumb/v7e-m+fp/hard\libm.a(lib_a-s_fabs.o)
                              c:/st/stm32cubeide_1.7.0/stm32cubeide/plugins/com.st.stm32cube.ide.mcu.externaltools.gnu-tools-for-stm32.10.3-2021.10.win32_1.0.0.202111181127/tools/bin/../lib/gcc/arm-none-eabi/10.3.1/../../../../arm-none-eabi/lib/thumb/v7e-m+fp/hard\libm.a(lib_a-s_atan.o) (fabs)
c:/st/stm32cubeide_1.7.0/stm32cubeide/plugins/com.st.stm32cube.ide.mcu.externaltools.gnu-tools-for-stm32.10.3-2021.10.win32_1.0.0.202111181127/tools/bin/../lib/gcc/arm-none-eabi/10.3.1/../../../../arm-none-eabi/lib/thumb/v7e-m+fp/hard\libm.a(lib_a-s_sin.o)
                              ./Core/Src/EKF.o (sin)
c:/st/stm32cubeide_1.7.0/stm32cubeide/plugins/com.st.stm32cube.ide.mcu.externaltools.gnu-tools-for-stm32.10.3-2021.10.win32_1.0.0.202111181127/tools/bin/../lib/gcc/arm-none-eabi/10.3.1/../../../../arm-none-eabi/lib/thumb/v7e-m+fp/hard\libm.a(lib_a-s_tan.o)
                              ./Core/Src/EKF.o (tan)
c:/st/stm32cubeide_1.7.0/stm32cubeide/plugins/com.st.stm32cube.ide.mcu.externaltools.gnu-tools-for-stm32.10.3-2021.10.win32_1.0.0.202111181127/tools/bin/../lib/gcc/arm-none-eabi/10.3.1/../../../../arm-none-eabi/lib/thumb/v7e-m+fp/hard\libm.a(lib_a-sf_atan.o)
                              ./Core/Src/LMI_balance.o (atanf)
c:/st/stm32cubeide_1.7.0/stm32cubeide/plugins/com.st.stm32cube.ide.mcu.externaltools.gnu-tools-for-stm32.10.3-2021.10.win32_1.0.0.202111181127/tools/bin/../lib/gcc/arm-none-eabi/10.3.1/../../../../arm-none-eabi/lib/thumb/v7e-m+fp/hard\libm.a(lib_a-sf_cos.o)
                              ./Core/Src/CanLogger.o (cosf)
c:/st/stm32cubeide_1.7.0/stm32cubeide/plugins/com.st.stm32cube.ide.mcu.externaltools.gnu-tools-for-stm32.10.3-2021.10.win32_1.0.0.202111181127/tools/bin/../lib/gcc/arm-none-eabi/10.3.1/../../../../arm-none-eabi/lib/thumb/v7e-m+fp/hard\libm.a(lib_a-sf_fabs.o)
[...]
Memory Configuration

Name             Origin             Length             Attributes
RAM              0x0000000020000000 0x0000000000020000 xrw
FLASH            0x0000000008000000 0x0000000000080000 xr
*default*        0x0000000000000000 0xffffffffffffffff

Linker script and memory map

LOAD c:/st/stm32cubeide_1.7.0/stm32cubeide/plugins/com.st.stm32cube.ide.mcu.externaltools.gnu-tools-for-stm32.10.3-2021.10.win32_1.0.0.202111181127/tools/bin/../lib/gcc/arm-none-eabi/10.3.1/thumb/v7e-m+fp/hard/crti.o
LOAD c:/st/stm32cubeide_1.7.0/stm32cubeide/plugins/com.st.stm32cube.ide.mcu.externaltools.gnu-tools-for-stm32.10.3-2021.10.win32_1.0.0.202111181127/tools/bin/../lib/gcc/arm-none-eabi/10.3.1/thumb/v7e-m+fp/hard/crtbegin.o
LOAD c:/st/stm32cubeide_1.7.0/stm32cubeide/plugins/com.st.stm32cube.ide.mcu.externaltools.gnu-tools-for-stm32.10.3-2021.10.win32_1.0.0.202111181127/tools/bin/../lib/gcc/arm-none-eabi/10.3.1/../../../../arm-none-eabi/lib/thumb/v7e-m+fp/hard/crt0.o
LOAD ./Core/Inc/duration.o
LOAD ./Core/Inc/time.o
LOAD ./Core/Src/CanLogger.o
LOAD ./Core/Src/EKF.o
LOAD ./Core/Src/LCD.o
LOAD ./Core/Src/LMI_balance.o
LOAD ./Core/Src/MatrixCalculate.o
LOAD ./Core/Src/MxMotor.o
LOAD ./Core/Src/OpenIMU.o
LOAD ./Core/Src/PDcontrol.o
LOAD ./Core/Src/QuadrantAngle.o
LOAD ./Core/Src/Tracking.o
LOAD ./Core/Src/can.o
LOAD ./Core/Src/controller.o
LOAD ./Core/Src/dma.o
LOAD ./Core/Src/dxl_hal.o
LOAD ./Core/Src/dynamixel.o
LOAD ./Core/Src/estimator.o
LOAD ./Core/Src/gpio.o
LOAD ./Core/Src/main.o
LOAD ./Core/Src/mainpp.o
LOAD ./Core/Src/sensor_fusion.o
LOAD ./Core/Src/spi.o
LOAD ./Core/Src/stm32f4xx_hal_msp.o
LOAD ./Core/Src/stm32f4xx_it.o
LOAD ./Core/Src/syscalls.o
LOAD ./Core/Src/sysmem.o
LOAD ./Core/Src/system_stm32f4xx.o
LOAD ./Core/Src/tim.o
LOAD ./Core/Src/usart.o
LOAD ./Core/Startup/startup_stm32f446retx.o
LOAD ./Drivers/STM32F4xx_HAL_Driver/Src/stm32f4xx_hal.o
LOAD ./Drivers/STM32F4xx_HAL_Driver/Src/stm32f4xx_hal_can.o
LOAD ./Drivers/STM32F4xx_HAL_Driver/Src/stm32f4xx_hal_cortex.o
LOAD ./Drivers/STM32F4xx_HAL_Driver/Src/stm32f4xx_hal_dma.o
LOAD ./Drivers/STM32F4xx_HAL_Driver/Src/stm32f4xx_hal_dma_ex.o
LOAD ./Drivers/STM32F4xx_HAL_Driver/Src/stm32f4xx_hal_exti.o
LOAD ./Drivers/STM32F4xx_HAL_Driver/Src/stm32f4xx_hal_flash.o
LOAD ./Drivers/STM32F4xx_HAL_Driver/Src/stm32f4xx_hal_flash_ex.o
LOAD ./Drivers/STM32F4xx_HAL_Driver/Src/stm32f4xx_hal_flash_ramfunc.o
LOAD ./Drivers/STM32F4xx_HAL_Driver/Src/stm32f4xx_hal_gpio.o
LOAD ./Drivers/STM32F4xx_HAL_Driver/Src/stm32f4xx_hal_pwr.o
LOAD ./Drivers/STM32F4xx_HAL_Driver/Src/stm32f4xx_hal_pwr_ex.o
LOAD ./Drivers/STM32F4xx_HAL_Driver/Src/stm32f4xx_hal_rcc.o
LOAD ./Drivers/STM32F4xx_HAL_Driver/Src/stm32f4xx_hal_rcc_ex.o
LOAD ./Drivers/STM32F4xx_HAL_Driver/Src/stm32f4xx_hal_spi.o
LOAD ./Drivers/STM32F4xx_HAL_Driver/Src/stm32f4xx_hal_tim.o
LOAD ./Drivers/STM32F4xx_HAL_Driver/Src/stm32f4xx_hal_tim_ex.o
LOAD ./Drivers/STM32F4xx_HAL_Driver/Src/stm32f4xx_hal_uart.o
LOAD ./Drivers/STM32F4xx_HAL_Driver/Src/stm32f4xx_ll_dma.o
LOAD ./Drivers/STM32F4xx_HAL_Driver/Src/stm32f4xx_ll_exti.o
LOAD ./Drivers/STM32F4xx_HAL_Driver/Src/stm32f4xx_ll_gpio.o
LOAD ./Drivers/STM32F4xx_HAL_Driver/Src/stm32f4xx_ll_rcc.o
LOAD ./Drivers/STM32F4xx_HAL_Driver/Src/stm32f4xx_ll_tim.o
LOAD ./Drivers/STM32F4xx_HAL_Driver/Src/stm32f4xx_ll_usart.o
LOAD ./Drivers/STM32F4xx_HAL_Driver/Src/stm32f4xx_ll_utils.o
START GROUP
LOAD c:/st/stm32cubeide_1.7.0/stm32cubeide/plugins/com.st.stm32cube.ide.mcu.externaltools.gnu-tools-for-stm32.10.3-2021.10.win32_1.0.0.202111181127/tools/bin/../lib/gcc/arm-none-eabi/10.3.1/../../../../arm-none-eabi/lib/thumb/v7e-m+fp/hard\libstdc++_nano.a
LOAD c:/st/stm32cubeide_1.7.0/stm32cubeide/plugins/com.st.stm32cube.ide.mcu.externaltools.gnu-tools-for-stm32.10.3-2021.10.win32_1.0.0.202111181127/tools/bin/../lib/gcc/arm-none-eabi/10.3.1/../../../../arm-none-eabi/lib/thumb/v7e-m+fp/hard\libsupc++_nano.a
END GROUP
LOAD c:/st/stm32cubeide_1.7.0/stm32cubeide/plugins/com.st.stm32cube.ide.mcu.externaltools.gnu-tools-for-stm32.10.3-2021.10.win32_1.0.0.202111181127/tools/bin/../lib/gcc/arm-none-eabi/10.3.1/../../../../arm-none-eabi/lib/thumb/v7e-m+fp/hard\libstdc++_nano.a
LOAD c:/st/stm32cubeide_1.7.0/stm32cubeide/plugins/com.st.stm32cube.ide.mcu.externaltools.gnu-tools-for-stm32.10.3-2021.10.win32_1.0.0.202111181127/tools/bin/../lib/gcc/arm-none-eabi/10.3.1/../../../../arm-none-eabi/lib/thumb/v7e-m+fp/hard\libm.a
LOAD c:/st/stm32cubeide_1.7.0/stm32cubeide/plugins/com.st.stm32cube.ide.mcu.externaltools.gnu-tools-for-stm32.10.3-2021.10.win32_1.0.0.202111181127/tools/bin/../lib/gcc/arm-none-eabi/10.3.1/../../../../arm-none-eabi/lib/thumb/v7e-m+fp/hard\libc_nano.a
START GROUP
LOAD c:/st/stm32cubeide_1.7.0/stm32cubeide/plugins/com.st.stm32cube.ide.mcu.externaltools.gnu-tools-for-stm32.10.3-2021.10.win32_1.0.0.202111181127/tools/bin/../lib/gcc/arm-none-eabi/10.3.1/thumb/v7e-m+fp/hard\libgcc.a
LOAD c:/st/stm32cubeide_1.7.0/stm32cubeide/plugins/com.st.stm32cube.ide.mcu.externaltools.gnu-tools-for-stm32.10.3-2021.10.win32_1.0.0.202111181127/tools/bin/../lib/gcc/arm-none-eabi/10.3.1/../../../../arm-none-eabi/lib/thumb/v7e-m+fp/hard\libc_nano.a
END GROUP
START GROUP
LOAD c:/st/stm32cubeide_1.7.0/stm32cubeide/plugins/com.st.stm32cube.ide.mcu.externaltools.gnu-tools-for-stm32.10.3-2021.10.win32_1.0.0.202111181127/tools/bin/../lib/gcc/arm-none-eabi/10.3.1/thumb/v7e-m+fp/hard\libgcc.a
LOAD c:/st/stm32cubeide_1.7.0/stm32cubeide/plugins/com.st.stm32cube.ide.mcu.externaltools.gnu-tools-for-stm32.10.3-2021.10.win32_1.0.0.202111181127/tools/bin/../lib/gcc/arm-none-eabi/10.3.1/../../../../arm-none-eabi/lib/thumb/v7e-m+fp/hard\libc_nano.a
LOAD c:/st/stm32cubeide_1.7.0/stm32cubeide/plugins/com.st.stm32cube.ide.mcu.externaltools.gnu-tools-for-stm32.10.3-2021.10.win32_1.0.0.202111181127/tools/bin/../lib/gcc/arm-none-eabi/10.3.1/../../../../arm-none-eabi/lib/thumb/v7e-m+fp/hard\libnosys.a
END GROUP
START GROUP
LOAD c:/st/stm32cubeide_1.7.0/stm32cubeide/plugins/com.st.stm32cube.ide.mcu.externaltools.gnu-tools-for-stm32.10.3-2021.10.win32_1.0.0.202111181127/tools/bin/../lib/gcc/arm-none-eabi/10.3.1/thumb/v7e-m+fp/hard\libgcc.a
LOAD c:/st/stm32cubeide_1.7.0/stm32cubeide/plugins/com.st.stm32cube.ide.mcu.externaltools.gnu-tools-for-stm32.10.3-2021.10.win32_1.0.0.202111181127/tools/bin/../lib/gcc/arm-none-eabi/10.3.1/../../../../arm-none-eabi/lib/thumb/v7e-m+fp/hard\libc_nano.a
LOAD c:/st/stm32cubeide_1.7.0/stm32cubeide/plugins/com.st.stm32cube.ide.mcu.externaltools.gnu-tools-for-stm32.10.3-2021.10.win32_1.0.0.202111181127/tools/bin/../lib/gcc/arm-none-eabi/10.3.1/../../../../arm-none-eabi/lib/thumb/v7e-m+fp/hard\libnosys.a
END GROUP
LOAD c:/st/stm32cubeide_1.7.0/stm32cubeide/plugins/com.st.stm32cube.ide.mcu.externaltools.gnu-tools-for-stm32.10.3-2021.10.win32_1.0.0.202111181127/tools/bin/../lib/gcc/arm-none-eabi/10.3.1/thumb/v7e-m+fp/hard/crtend.o
LOAD c:/st/stm32cubeide_1.7.0/stm32cubeide/plugins/com.st.stm32cube.ide.mcu.externaltools.gnu-tools-for-stm32.10.3-2021.10.win32_1.0.0.202111181127/tools/bin/../lib/gcc/arm-none-eabi/10.3.1/thumb/v7e-m+fp/hard/crtn.o
                0x0000000020020000                _estack = (ORIGIN (RAM) + LENGTH (RAM))
                0x0000000000000200                _Min_Heap_Size = 0x200
                0x0000000000000400                _Min_Stack_Size = 0x400

.isr_vector     0x0000000008000000      0x1c4
                0x0000000008000000                . = ALIGN (0x4)
 *(.isr_vector)
 .isr_vector    0x0000000008000000      0x1c4 ./Core/Startup/startup_stm32f446retx.o
                0x0000000008000000                g_pfnVectors
                0x00000000080001c4                . = ALIGN (0x4)

.text           0x00000000080001d0    0x17cb8
                0x00000000080001d0                . = ALIGN (0x4)
 *(.text)
 .text          0x00000000080001d0       0x40 c:/st/stm32cubeide_1.7.0/stm32cubeide/plugins/com.st.stm32cube.ide.mcu.externaltools.gnu-tools-for-stm32.10.3-2021.10.win32_1.0.0.202111181127/tools/bin/../lib/gcc/arm-none-eabi/10.3.1/thumb/v7e-m+fp/hard/crtbegin.o
 .text          0x0000000008000210       0x10 c:/st/stm32cubeide_1.7.0/stm32cubeide/plugins/com.st.stm32cube.ide.mcu.externaltools.gnu-tools-for-stm32.10.3-2021.10.win32_1.0.0.202111181127/tools/bin/../lib/gcc/arm-none-eabi/10.3.1/../../../../arm-none-eabi/lib/thumb/v7e-m+fp/hard\libc_nano.a(lib_a-strlen.o)
                0x0000000008000210                strlen
 .text          0x0000000008000220       0xa0 c:/st/stm32cubeide_1.7.0/stm32cubeide/plugins/com.st.stm32cube.ide.mcu.externaltools.gnu-tools-for-stm32.10.3-2021.10.win32_1.0.0.202111181127/tools/bin/../lib/gcc/arm-none-eabi/10.3.1/../../../../arm-none-eabi/lib/thumb/v7e-m+fp/hard\libc_nano.a(lib_a-memchr.o)
                0x0000000008000220                memchr
 .text          0x00000000080002c0      0x378 c:/st/stm32cubeide_1.7.0/stm32cubeide/plugins/com.st.stm32cube.ide.mcu.externaltools.gnu-tools-for-stm32.10.3-2021.10.win32_1.0.0.202111181127/tools/bin/../lib/gcc/arm-none-eabi/10.3.1/thumb/v7e-m+fp/hard\libgcc.a(_arm_addsubdf3.o)
                0x00000000080002c0                __aeabi_drsub
                0x00000000080002c8                __aeabi_dsub
                0x00000000080002c8                __subdf3
                0x00000000080002cc                __aeabi_dadd
                0x00000000080002cc                __adddf3
                0x0000000008000544                __floatunsidf
                0x0000000008000544                __aeabi_ui2d
                0x0000000008000564                __floatsidf
                0x0000000008000564                __aeabi_i2d
                0x0000000008000588                __aeabi_f2d
                0x0000000008000588                __extendsfdf2
                0x00000000080005cc                __floatundidf
                0x00000000080005cc                __aeabi_ul2d
                0x00000000080005dc                __floatdidf
                0x00000000080005dc                __aeabi_l2d
 .text          0x0000000008000638      0x424 c:/st/stm32cubeide_1.7.0/stm32cubeide/plugins/com.st.stm32cube.ide.mcu.externaltools.gnu-tools-for-stm32.10.3-2021.10.win32_1.0.0.202111181127/tools/bin/../lib/gcc/arm-none-eabi/10.3.1/thumb/v7e-m+fp/hard\libgcc.a(_arm_muldivdf3.o)
                0x0000000008000638                __aeabi_dmul
                0x0000000008000638                __muldf3
                0x000000000800088c                __divdf3
                0x000000000800088c                __aeabi_ddiv
 .text          0x0000000008000a5c      0x110 c:/st/stm32cubeide_1.7.0/stm32cubeide/plugins/com.st.stm32cube.ide.mcu.externaltools.gnu-tools-for-stm32.10.3-2021.10.win32_1.0.0.202111181127/tools/bin/../lib/gcc/arm-none-eabi/10.3.1/thumb/v7e-m+fp/hard\libgcc.a(_arm_cmpdf2.o)
                0x0000000008000a5c                __gtdf2
                0x0000000008000a5c                __gedf2
                0x0000000008000a64                __ltdf2
                0x0000000008000a64                __ledf2
                0x0000000008000a6c                __nedf2
                0x0000000008000a6c                __eqdf2
                0x0000000008000a6c                __cmpdf2
                0x0000000008000ae8                __aeabi_cdrcmple
                0x0000000008000af8                __aeabi_cdcmpeq
                0x0000000008000af8                __aeabi_cdcmple
                0x0000000008000b08                __aeabi_dcmpeq
                0x0000000008000b1c                __aeabi_dcmplt
                0x0000000008000b30                __aeabi_dcmple
                0x0000000008000b44                __aeabi_dcmpge
                0x0000000008000b58                __aeabi_dcmpgt
 .text          0x0000000008000b6c       0x2c c:/st/stm32cubeide_1.7.0/stm32cubeide/plugins/com.st.stm32cube.ide.mcu.externaltools.gnu-tools-for-stm32.10.3-2021.10.win32_1.0.0.202111181127/tools/bin/../lib/gcc/arm-none-eabi/10.3.1/thumb/v7e-m+fp/hard\libgcc.a(_arm_unorddf2.o)
                0x0000000008000b6c                __unorddf2
                0x0000000008000b6c                __aeabi_dcmpun
 .text          0x0000000008000b98       0x50 c:/st/stm32cubeide_1.7.0/stm32cubeide/plugins/com.st.stm32cube.ide.mcu.externaltools.gnu-tools-for-stm32.10.3-2021.10.win32_1.0.0.202111181127/tools/bin/../lib/gcc/arm-none-eabi/10.3.1/thumb/v7e-m+fp/hard\libgcc.a(_arm_fixdfsi.o)
                0x0000000008000b98                __aeabi_d2iz
                0x0000000008000b98                __fixdfsi
 .text          0x0000000008000be8       0x40 c:/st/stm32cubeide_1.7.0/stm32cubeide/plugins/com.st.stm32cube.ide.mcu.externaltools.gnu-tools-for-stm32.10.3-2021.10.win32_1.0.0.202111181127/tools/bin/../lib/gcc/arm-none-eabi/10.3.1/thumb/v7e-m+fp/hard\libgcc.a(_arm_fixunsdfsi.o)
                0x0000000008000be8                __aeabi_d2uiz
                0x0000000008000be8                __fixunsdfsi
 .text          0x0000000008000c28       0xa0 c:/st/stm32cubeide_1.7.0/stm32cubeide/plugins/com.st.stm32cube.ide.mcu.externaltools.gnu-tools-for-stm32.10.3-2021.10.win32_1.0.0.202111181127/tools/bin/../lib/gcc/arm-none-eabi/10.3.1/thumb/v7e-m+fp/hard\libgcc.a(_arm_truncdfsf2.o)
                0x0000000008000c28                __truncdfsf2
                0x0000000008000c28                __aeabi_d2f
 .text          0x0000000008000cc8       0x30 c:/st/stm32cubeide_1.7.0/stm32cubeide/plugins/com.st.stm32cube.ide.mcu.externaltools.gnu-tools-for-stm32.10.3-2021.10.win32_1.0.0.202111181127/tools/bin/../lib/gcc/arm-none-eabi/10.3.1/thumb/v7e-m+fp/hard\libgcc.a(_aeabi_uldivmod.o)
                0x0000000008000cc8                __aeabi_uldivmod
 .text          0x0000000008000cf8      0x2d0 c:/st/stm32cubeide_1.7.0/stm32cubeide/plugins/com.st.stm32cube.ide.mcu.externaltools.gnu-tools-for-stm32.10.3-2021.10.win32_1.0.0.202111181127/tools/bin/../lib/gcc/arm-none-eabi/10.3.1/thumb/v7e-m+fp/hard\libgcc.a(_udivmoddi4.o)
                0x0000000008000cf8                __udivmoddi4
 .text          0x0000000008000fc8        0x4 c:/st/stm32cubeide_1.7.0/stm32cubeide/plugins/com.st.stm32cube.ide.mcu.externaltools.gnu-tools-for-stm32.10.3-2021.10.win32_1.0.0.202111181127/tools/bin/../lib/gcc/arm-none-eabi/10.3.1/thumb/v7e-m+fp/hard\libgcc.a(_dvmd_tls.o)
                0x0000000008000fc8                __aeabi_idiv0
                0x0000000008000fc8                __aeabi_ldiv0
 *(.text*)
 .text._ZN3ros16normalizeSecNSecERmS0_
                0x0000000008000fcc       0x58 ./Core/Inc/time.o
                0x0000000008000fcc                ros::normalizeSecNSec(unsigned long&, unsigned long&)
 *fill*         0x0000000008001024        0x4 
 .text.CanLogger
                0x0000000008001028      0xd38 ./Core/Src/CanLogger.o
                0x0000000008001028                CanLogger
 .text.readGPS  0x0000000008001d60       0x94 ./Core/Src/EKF.o
                0x0000000008001d60                readGPS
 *fill*         0x0000000008001df4        0x4 
 .text.ReadAccuracyEstimate
                0x0000000008001df8       0xa4 ./Core/Src/EKF.o
                0x0000000008001df8                ReadAccuracyEstimate
 *fill*         0x0000000008001e9c        0x4 
 .text.gpsXY    0x0000000008001ea0      0xa10 ./Core/Src/EKF.o
                0x0000000008001ea0                gpsXY
 .text.EKF_filter
                0x00000000080028b0      0xa0c ./Core/Src/EKF.o
                0x00000000080028b0                EKF_filter
 *fill*         0x00000000080032bc        0x4 
 .text.LcdData  0x00000000080032c0      0x2ec ./Core/Src/LCD.o
                0x00000000080032c0                LcdData
 *fill*         0x00000000080035ac        0x4 
 .text.LMII     0x00000000080035b0      0x6e4 ./Core/Src/LMI_balance.o
                0x00000000080035b0                LMII
 .text.mattimes
                0x0000000008003c94       0xe4 ./Core/Src/MatrixCalculate.o
                0x0000000008003c94                mattimes
 .text.transpose
                0x0000000008003d78       0x6c ./Core/Src/MatrixCalculate.o
                0x0000000008003d78                transpose
 .text.matplus  0x0000000008003de4       0x8a ./Core/Src/MatrixCalculate.o
                0x0000000008003de4                matplus
 *fill*         0x0000000008003e6e        0x2 
 .text.inv3     0x0000000008003e70      0x330 ./Core/Src/MatrixCalculate.o
                0x0000000008003e70                inv3
 .text.LL_TIM_OC_SetCompareCH1
                0x00000000080041a0       0x1c ./Core/Src/MxMotor.o
 .text.LL_TIM_OC_GetCompareCH1
                0x00000000080041bc       0x18 ./Core/Src/MxMotor.o
 .text.LL_TIM_ClearFlag_CC1
                0x00000000080041d4       0x1c ./Core/Src/MxMotor.o
 .text.LL_TIM_IsActiveFlag_CC1
                0x00000000080041f0       0x26 ./Core/Src/MxMotor.o
 .text.LL_USART_IsActiveFlag_TC
                0x0000000008004216       0x26 ./Core/Src/MxMotor.o
 .text.LL_USART_IsActiveFlag_TXE
                0x000000000800423c       0x26 ./Core/Src/MxMotor.o
 .text.LL_USART_IsEnabledIT_RXNE
                0x0000000008004262       0x26 ./Core/Src/MxMotor.o
 .text.LL_USART_ReceiveData8
                0x0000000008004288       0x1a ./Core/Src/MxMotor.o
 .text.LL_USART_TransmitData8
                0x00000000080042a2       0x1e ./Core/Src/MxMotor.o
 .text.ClearBuffer256
                0x00000000080042c0       0x24 ./Core/Src/MxMotor.o
                0x00000000080042c0                ClearBuffer256
 .text.CheckNewArrive
                0x00000000080042e4       0x2c ./Core/Src/MxMotor.o
                0x00000000080042e4                CheckNewArrive
 .text.TxDByte_DXL
                0x0000000008004310       0x38 ./Core/Src/MxMotor.o
                0x0000000008004310                TxDByte_DXL
 .text.RxDByte_DXL
                0x0000000008004348       0x50 ./Core/Src/MxMotor.o
                0x0000000008004348                RxDByte_DXL
 .text.PrintCommStatus
                0x0000000008004398       0x14 ./Core/Src/MxMotor.o
                0x0000000008004398                PrintCommStatus
 .text.PrintErrorCode
                0x00000000080043ac        0xe ./Core/Src/MxMotor.o
                0x00000000080043ac                PrintErrorCode
 .text.TxDWord16
                0x00000000080043ba       0x2a ./Core/Src/MxMotor.o
                0x00000000080043ba                TxDWord16
 .text.TxDByte16
                0x00000000080043e4       0x50 ./Core/Src/MxMotor.o
                0x00000000080043e4                TxDByte16
 .text.TxDByte_PC
                0x0000000008004434       0x30 ./Core/Src/MxMotor.o
                0x0000000008004434                TxDByte_PC
 .text.TimerInterrupt_1ms
                0x0000000008004464       0x64 ./Core/Src/MxMotor.o
                0x0000000008004464                TimerInterrupt_1ms
 .text.RxD0Interrupt
                0x00000000080044c8       0x40 ./Core/Src/MxMotor.o
                0x00000000080044c8                RxD0Interrupt
 .text.StartDiscount
                0x0000000008004508       0x20 ./Core/Src/MxMotor.o
                0x0000000008004508                StartDiscount
 .text.CheckTimeOut
                0x0000000008004528       0x20 ./Core/Src/MxMotor.o
                0x0000000008004528                CheckTimeOut
 .text.Motor    0x0000000008004548       0x9c ./Core/Src/MxMotor.o
                0x0000000008004548                Motor
 .text.AngleLimit
                0x00000000080045e4       0x30 ./Core/Src/MxMotor.o
                0x00000000080045e4                AngleLimit
 .text.LL_GPIO_SetOutputPin
                0x0000000008004614       0x1c ./Core/Src/OpenIMU.o
 .text.LL_GPIO_ResetOutputPin
                0x0000000008004630       0x1e ./Core/Src/OpenIMU.o
 .text.LL_GPIO_TogglePin
                0x000000000800464e       0x32 ./Core/Src/OpenIMU.o
 .text.SPIdelay
                0x0000000008004680       0x30 ./Core/Src/OpenIMU.o
                0x0000000008004680                SPIdelay
 .text.openIMU  0x00000000080046b0      0x3e8 ./Core/Src/OpenIMU.o
                0x00000000080046b0                openIMU
 .text.LowpassFilter
                0x0000000008004a98       0x68 ./Core/Src/PDcontrol.o
                0x0000000008004a98                LowpassFilter
 .text.Qangle   0x0000000008004b00       0x88 ./Core/Src/QuadrantAngle.o
                0x0000000008004b00                Qangle
 .text.Tracking
                0x0000000008004b88      0x288 ./Core/Src/Tracking.o
                0x0000000008004b88                Tracking
 .text.WayPointLine
                0x0000000008004e10      0x1dc ./Core/Src/Tracking.o
                0x0000000008004e10                WayPointLine
 .text.WayPointCircle
                0x0000000008004fec      0x4d0 ./Core/Src/Tracking.o
                0x0000000008004fec                WayPointCircle
 .text.DistanceD
                0x00000000080054bc       0x76 ./Core/Src/Tracking.o
                0x00000000080054bc                DistanceD
 *fill*         0x0000000008005532        0x2 
 .text.CroTwoCir
                0x0000000008005534      0x2cc ./Core/Src/Tracking.o
                0x0000000008005534                CroTwoCir
 .text.Mapping  0x0000000008005800      0x48c ./Core/Src/Tracking.o
                0x0000000008005800                Mapping
 .text.MX_CAN1_Init
                0x0000000008005c8c       0x6c ./Core/Src/can.o
                0x0000000008005c8c                MX_CAN1_Init
 .text.HAL_CAN_MspInit
                0x0000000008005cf8       0xb0 ./Core/Src/can.o
                0x0000000008005cf8                HAL_CAN_MspInit
 .text.CAN_Filter_Init
                0x0000000008005da8       0x50 ./Core/Src/can.o
                0x0000000008005da8                CAN_Filter_Init
 .text.__NVIC_GetPriorityGrouping
                0x0000000008005df8       0x1c ./Core/Src/dma.o
 .text.__NVIC_EnableIRQ
                0x0000000008005e14       0x3c ./Core/Src/dma.o
 .text.__NVIC_SetPriority
                0x0000000008005e50       0x54 ./Core/Src/dma.o
 .text.NVIC_EncodePriority
                0x0000000008005ea4       0x66 ./Core/Src/dma.o
 *fill*         0x0000000008005f0a        0x2 
 .text.LL_AHB1_GRP1_EnableClock
                0x0000000008005f0c       0x30 ./Core/Src/dma.o
 .text.MX_DMA_Init
                0x0000000008005f3c       0x70 ./Core/Src/dma.o
                0x0000000008005f3c                MX_DMA_Init
 .text.LL_GPIO_SetOutputPin
                0x0000000008005fac       0x1c ./Core/Src/dxl_hal.o
 .text.LL_GPIO_ResetOutputPin
                0x0000000008005fc8       0x1e ./Core/Src/dxl_hal.o
 .text.dxl_hal_open
                0x0000000008005fe6       0x18 ./Core/Src/dxl_hal.o
                0x0000000008005fe6                dxl_hal_open
 .text.dxl_hal_clear
                0x0000000008005ffe        0xc ./Core/Src/dxl_hal.o
                0x0000000008005ffe                dxl_hal_clear
 *fill*         0x000000000800600a        0x2 
 .text.dxl_hal_tx
                0x000000000800600c       0x4c ./Core/Src/dxl_hal.o
                0x000000000800600c                dxl_hal_tx
 .text.dxl_hal_rx
                0x0000000008006058       0x46 ./Core/Src/dxl_hal.o
                0x0000000008006058                dxl_hal_rx
 .text.dxl_hal_set_timeout
                0x000000000800609e       0x1e ./Core/Src/dxl_hal.o
                0x000000000800609e                dxl_hal_set_timeout
 .text.dxl_hal_timeout
                0x00000000080060bc        0xe ./Core/Src/dxl_hal.o
                0x00000000080060bc                dxl_hal_timeout
 *fill*         0x00000000080060ca        0x2 
 .text.dxl_initialize
                0x00000000080060cc       0x4c ./Core/Src/dynamixel.o
                0x00000000080060cc                dxl_initialize
 .text.dxl_tx_packet
                0x0000000008006118      0x130 ./Core/Src/dynamixel.o
                0x0000000008006118                dxl_tx_packet
 .text.dxl_rx_packet
                0x0000000008006248      0x230 ./Core/Src/dynamixel.o
                0x0000000008006248                dxl_rx_packet
 .text.dxl_txrx_packet
                0x0000000008006478       0x28 ./Core/Src/dynamixel.o
                0x0000000008006478                dxl_txrx_packet
 .text.dxl_get_result
                0x00000000080064a0       0x18 ./Core/Src/dynamixel.o
                0x00000000080064a0                dxl_get_result
 .text.dxl_makeword
                0x00000000080064b8       0x2c ./Core/Src/dynamixel.o
                0x00000000080064b8                dxl_makeword
 .text.dxl_get_lowbyte
                0x00000000080064e4       0x1e ./Core/Src/dynamixel.o
                0x00000000080064e4                dxl_get_lowbyte
 .text.dxl_get_highbyte
                0x0000000008006502       0x26 ./Core/Src/dynamixel.o
                0x0000000008006502                dxl_get_highbyte
 .text.dxl_read_byte
                0x0000000008006528       0x54 ./Core/Src/dynamixel.o
                0x0000000008006528                dxl_read_byte
 .text.dxl_read_word
                0x000000000800657c       0x64 ./Core/Src/dynamixel.o
                0x000000000800657c                dxl_read_word
 .text.dxl_write_word
                0x00000000080065e0       0x64 ./Core/Src/dynamixel.o
                0x00000000080065e0                dxl_write_word
 *fill*         0x0000000008006644        0x4 
 .text.estimator
                0x0000000008006648      0x550 ./Core/Src/estimator.o
                0x0000000008006648                estimator
 .text.LL_AHB1_GRP1_EnableClock
                0x0000000008006b98       0x30 ./Core/Src/gpio.o
 .text.LL_SYSCFG_SetEXTISource
                0x0000000008006bc8       0x5c ./Core/Src/gpio.o
 .text.LL_GPIO_SetPinMode
                0x0000000008006c24       0x5e ./Core/Src/gpio.o
 .text.LL_GPIO_SetPinPull
                0x0000000008006c82       0x5e ./Core/Src/gpio.o
 .text.LL_GPIO_ResetOutputPin
                0x0000000008006ce0       0x1e ./Core/Src/gpio.o
 *fill*         0x0000000008006cfe        0x2 
 .text.MX_GPIO_Init
                0x0000000008006d00      0x148 ./Core/Src/gpio.o
                0x0000000008006d00                MX_GPIO_Init
 .text.LL_DMA_SetDataLength
                0x0000000008006e48       0x48 ./Core/Src/main.o
 .text.LL_DMA_SetMemoryAddress
                0x0000000008006e90       0x30 ./Core/Src/main.o
 .text.LL_DMA_SetPeriphAddress
                0x0000000008006ec0       0x30 ./Core/Src/main.o
 .text.LL_RCC_HSE_EnableBypass
                0x0000000008006ef0       0x20 ./Core/Src/main.o
 .text.LL_RCC_HSE_Enable
                0x0000000008006f10       0x20 ./Core/Src/main.o
 .text.LL_RCC_HSE_IsReady
                0x0000000008006f30       0x28 ./Core/Src/main.o
 .text.LL_RCC_SetSysClkSource
                0x0000000008006f58       0x28 ./Core/Src/main.o
 .text.LL_RCC_GetSysClkSource
                0x0000000008006f80       0x1c ./Core/Src/main.o
 .text.LL_RCC_SetAHBPrescaler
                0x0000000008006f9c       0x28 ./Core/Src/main.o
 .text.LL_RCC_SetAPB1Prescaler
                0x0000000008006fc4       0x28 ./Core/Src/main.o
 .text.LL_RCC_SetAPB2Prescaler
                0x0000000008006fec       0x28 ./Core/Src/main.o
 .text.LL_RCC_SetTIMPrescaler
                0x0000000008007014       0x2c ./Core/Src/main.o
 .text.LL_RCC_PLL_Enable
                0x0000000008007040       0x20 ./Core/Src/main.o
 .text.LL_RCC_PLL_IsReady
                0x0000000008007060       0x28 ./Core/Src/main.o
 .text.LL_RCC_PLL_ConfigDomain_SYS
                0x0000000008007088       0x5c ./Core/Src/main.o
 .text.LL_FLASH_SetLatency
                0x00000000080070e4       0x28 ./Core/Src/main.o
 .text.LL_FLASH_GetLatency
                0x000000000800710c       0x1c ./Core/Src/main.o
 .text.LL_EXTI_EnableIT_0_31
                0x0000000008007128       0x24 ./Core/Src/main.o
 .text.LL_EXTI_EnableRisingTrig_0_31
                0x000000000800714c       0x24 ./Core/Src/main.o
 .text.LL_EXTI_ReadFlag_0_31
                0x0000000008007170       0x20 ./Core/Src/main.o
 .text.LL_EXTI_ClearFlag_0_31
                0x0000000008007190       0x20 ./Core/Src/main.o
 .text.LL_SYSTICK_SetClkSource
                0x00000000080071b0       0x38 ./Core/Src/main.o
 .text.LL_SYSTICK_EnableIT
                0x00000000080071e8       0x20 ./Core/Src/main.o
 .text.LL_PWR_EnableOverDriveMode
                0x0000000008007208       0x20 ./Core/Src/main.o
 .text.LL_PWR_SetRegulVoltageScaling
                0x0000000008007228       0x28 ./Core/Src/main.o
 .text.LL_TIM_EnableCounter
                0x0000000008007250       0x20 ./Core/Src/main.o
 .text.LL_TIM_CC_EnableChannel
                0x0000000008007270       0x22 ./Core/Src/main.o
 .text.LL_TIM_IC_GetCaptureCH1
                0x0000000008007292       0x18 ./Core/Src/main.o
 .text.LL_TIM_IC_GetCaptureCH3
                0x00000000080072aa       0x18 ./Core/Src/main.o
 .text.LL_TIM_IC_GetCaptureCH4
                0x00000000080072c2       0x18 ./Core/Src/main.o
 .text.LL_TIM_EnableIT_CC1
                0x00000000080072da       0x20 ./Core/Src/main.o
 .text.LL_USART_IsActiveFlag_TXE
                0x00000000080072fa       0x26 ./Core/Src/main.o
 .text.LL_USART_EnableIT_RXNE
                0x0000000008007320       0x46 ./Core/Src/main.o
 .text.LL_USART_DMA_GetRegAddr
                0x0000000008007366       0x18 ./Core/Src/main.o
 .text.LL_USART_TransmitData8
                0x000000000800737e       0x1e ./Core/Src/main.o
 .text.LL_GPIO_SetOutputPin
                0x000000000800739c       0x1c ./Core/Src/main.o
 .text.LL_GPIO_ResetOutputPin
                0x00000000080073b8       0x1e ./Core/Src/main.o
 .text.LL_GPIO_TogglePin
                0x00000000080073d6       0x32 ./Core/Src/main.o
 .text.TxMSG_Init
                0x0000000008007408       0x2c ./Core/Src/main.o
 *fill*         0x0000000008007434        0x4 
 .text.main     0x0000000008007438      0xe18 ./Core/Src/main.o
                0x0000000008007438                main
 .text.SystemClock_Config
                0x0000000008008250       0xa4 ./Core/Src/main.o
                0x0000000008008250                SystemClock_Config
 .text._write   0x00000000080082f4       0x4c ./Core/Src/main.o
                0x00000000080082f4                _write
 .text.start_read
                0x0000000008008340       0x44 ./Core/Src/main.o
                0x0000000008008340                start_read
 .text.check_sum
                0x0000000008008384       0x70 ./Core/Src/main.o
                0x0000000008008384                check_sum
 .text.EmergencyBrake
                0x00000000080083f4       0xa4 ./Core/Src/main.o
                0x00000000080083f4                EmergencyBrake
 .text.HAL_TIM_PeriodElapsedCallback
                0x0000000008008498       0x68 ./Core/Src/main.o
                0x0000000008008498                HAL_TIM_PeriodElapsedCallback
 .text.Error_Handler
                0x0000000008008500        0xa ./Core/Src/main.o
                0x0000000008008500                Error_Handler
 .text._ZN3ros4TimeC2Ev
                0x000000000800850a       0x22 ./Core/Src/mainpp.o
                0x000000000800850a                ros::Time::Time()
                0x000000000800850a                ros::Time::Time()
 .text._ZN3ros3MsgC2Ev
                0x000000000800852c       0x20 ./Core/Src/mainpp.o
                0x000000000800852c                ros::Msg::Msg()
                0x000000000800852c                ros::Msg::Msg()
 .text._ZN8std_msgs4TimeC2Ev
                0x000000000800854c       0x30 ./Core/Src/mainpp.o
                0x000000000800854c                std_msgs::Time::Time()
                0x000000000800854c                std_msgs::Time::Time()
 .text._ZNK8std_msgs4Time9serializeEPh
                0x000000000800857c       0xb0 ./Core/Src/mainpp.o
                0x000000000800857c                std_msgs::Time::serialize(unsigned char*) const
 .text._ZN8std_msgs4Time11deserializeEPh
                0x000000000800862c       0xc8 ./Core/Src/mainpp.o
                0x000000000800862c                std_msgs::Time::deserialize(unsigned char*)
 .text._ZN8std_msgs4Time7getTypeEv
                0x00000000080086f4       0x1c ./Core/Src/mainpp.o
                0x00000000080086f4                std_msgs::Time::getType()
 .text._ZN8std_msgs4Time6getMD5Ev
                0x0000000008008710       0x1c ./Core/Src/mainpp.o
                0x0000000008008710                std_msgs::Time::getMD5()
 .text._ZN14rosserial_msgs9TopicInfoC2Ev
                0x000000000800872c       0x48 ./Core/Src/mainpp.o
                0x000000000800872c                rosserial_msgs::TopicInfo::TopicInfo()
                0x000000000800872c                rosserial_msgs::TopicInfo::TopicInfo()
 .text._ZNK14rosserial_msgs9TopicInfo9serializeEPh
                0x0000000008008774      0x136 ./Core/Src/mainpp.o
                0x0000000008008774                rosserial_msgs::TopicInfo::serialize(unsigned char*) const
 .text._ZN14rosserial_msgs9TopicInfo11deserializeEPh
                0x00000000080088aa      0x1d0 ./Core/Src/mainpp.o
                0x00000000080088aa                rosserial_msgs::TopicInfo::deserialize(unsigned char*)
 *fill*         0x0000000008008a7a        0x2 
 .text._ZN14rosserial_msgs9TopicInfo7getTypeEv
                0x0000000008008a7c       0x1c ./Core/Src/mainpp.o
                0x0000000008008a7c                rosserial_msgs::TopicInfo::getType()
 .text._ZN14rosserial_msgs9TopicInfo6getMD5Ev
                0x0000000008008a98       0x1c ./Core/Src/mainpp.o
                0x0000000008008a98                rosserial_msgs::TopicInfo::getMD5()
 .text._ZN14rosserial_msgs3LogC2Ev
                0x0000000008008ab4       0x34 ./Core/Src/mainpp.o
                0x0000000008008ab4                rosserial_msgs::Log::Log()
                0x0000000008008ab4                rosserial_msgs::Log::Log()
 .text._ZNK14rosserial_msgs3Log9serializeEPh
                0x0000000008008ae8       0x64 ./Core/Src/mainpp.o
                0x0000000008008ae8                rosserial_msgs::Log::serialize(unsigned char*) const
 .text._ZN14rosserial_msgs3Log11deserializeEPh
                0x0000000008008b4c       0x90 ./Core/Src/mainpp.o
                0x0000000008008b4c                rosserial_msgs::Log::deserialize(unsigned char*)
 .text._ZN14rosserial_msgs3Log7getTypeEv
                0x0000000008008bdc       0x1c ./Core/Src/mainpp.o
                0x0000000008008bdc                rosserial_msgs::Log::getType()
 .text._ZN14rosserial_msgs3Log6getMD5Ev
                0x0000000008008bf8       0x1c ./Core/Src/mainpp.o
                0x0000000008008bf8                rosserial_msgs::Log::getMD5()
 .text._ZN14rosserial_msgs20RequestParamResponseC2Ev
                0x0000000008008c14       0x48 ./Core/Src/mainpp.o
                0x0000000008008c14                rosserial_msgs::RequestParamResponse::RequestParamResponse()
                0x0000000008008c14                rosserial_msgs::RequestParamResponse::RequestParamResponse()
 .text._ZNK14rosserial_msgs20RequestParamResponse9serializeEPh
                0x0000000008008c5c      0x222 ./Core/Src/mainpp.o
                0x0000000008008c5c                rosserial_msgs::RequestParamResponse::serialize(unsigned char*) const
 .text._ZN14rosserial_msgs20RequestParamResponse11deserializeEPh
                0x0000000008008e7e      0x2e2 ./Core/Src/mainpp.o
                0x0000000008008e7e                rosserial_msgs::RequestParamResponse::deserialize(unsigned char*)
 .text._ZN14rosserial_msgs20RequestParamResponse7getTypeEv
                0x0000000008009160       0x1c ./Core/Src/mainpp.o
                0x0000000008009160                rosserial_msgs::RequestParamResponse::getType()
 .text._ZN14rosserial_msgs20RequestParamResponse6getMD5Ev
                0x000000000800917c       0x1c ./Core/Src/mainpp.o
                0x000000000800917c                rosserial_msgs::RequestParamResponse::getMD5()
 .text._ZN3ros9PublisherC2EPKcPNS_3MsgEi
                0x0000000008009198       0x2e ./Core/Src/mainpp.o
                0x0000000008009198                ros::Publisher::Publisher(char const*, ros::Msg*, int)
                0x0000000008009198                ros::Publisher::Publisher(char const*, ros::Msg*, int)
 .text._ZN3ros9Publisher7publishEPKNS_3MsgE
                0x00000000080091c6       0x28 ./Core/Src/mainpp.o
                0x00000000080091c6                ros::Publisher::publish(ros::Msg const*)
 .text._ZN3ros9Publisher15getEndpointTypeEv
                0x00000000080091ee       0x18 ./Core/Src/mainpp.o
                0x00000000080091ee                ros::Publisher::getEndpointType()
 .text._ZN13STM32Hardware10getRdmaIndEv
                0x0000000008009206       0x26 ./Core/Src/mainpp.o
                0x0000000008009206                STM32Hardware::getRdmaInd()
 .text._ZN13STM32HardwareC2Ev
                0x000000000800922c       0x38 ./Core/Src/mainpp.o
                0x000000000800922c                STM32Hardware::STM32Hardware()
                0x000000000800922c                STM32Hardware::STM32Hardware()
 .text._ZN13STM32Hardware4initEv
                0x0000000008009264       0x16 ./Core/Src/mainpp.o
                0x0000000008009264                STM32Hardware::init()
 .text._ZN13STM32Hardware10reset_rbufEv
                0x000000000800927a       0x22 ./Core/Src/mainpp.o
                0x000000000800927a                STM32Hardware::reset_rbuf()
 .text._ZN13STM32Hardware4readEv
                0x000000000800929c       0x5a ./Core/Src/mainpp.o
                0x000000000800929c                STM32Hardware::read()
 *fill*         0x00000000080092f6        0x2 
 .text._ZN13STM32Hardware5flushEv
                0x00000000080092f8       0xf0 ./Core/Src/mainpp.o
                0x00000000080092f8                STM32Hardware::flush()
 .text._ZN13STM32Hardware5writeEPhi
                0x00000000080093e8       0x8c ./Core/Src/mainpp.o
                0x00000000080093e8                STM32Hardware::write(unsigned char*, int)
 .text._ZN13STM32Hardware4timeEv
                0x0000000008009474       0x16 ./Core/Src/mainpp.o
                0x0000000008009474                STM32Hardware::time()
 *fill*         0x000000000800948a        0x2 
 .text._ZN8std_msgs6StringC2Ev
                0x000000000800948c       0x30 ./Core/Src/mainpp.o
                0x000000000800948c                std_msgs::String::String()
                0x000000000800948c                std_msgs::String::String()
 .text._ZNK8std_msgs6String9serializeEPh
                0x00000000080094bc       0x52 ./Core/Src/mainpp.o
                0x00000000080094bc                std_msgs::String::serialize(unsigned char*) const
 .text._ZN8std_msgs6String11deserializeEPh
                0x000000000800950e       0x7e ./Core/Src/mainpp.o
                0x000000000800950e                std_msgs::String::deserialize(unsigned char*)
 .text._ZN8std_msgs6String7getTypeEv
                0x000000000800958c       0x1c ./Core/Src/mainpp.o
                0x000000000800958c                std_msgs::String::getType()
 .text._ZN8std_msgs6String6getMD5Ev
                0x00000000080095a8       0x1c ./Core/Src/mainpp.o
                0x00000000080095a8                std_msgs::String::getMD5()
 .text._ZN13geometry_msgs7Vector3C2Ev
                0x00000000080095c4       0x50 ./Core/Src/mainpp.o
                0x00000000080095c4                geometry_msgs::Vector3::Vector3()
                0x00000000080095c4                geometry_msgs::Vector3::Vector3()
 .text._ZNK13geometry_msgs7Vector39serializeEPh
                0x0000000008009614      0x2e6 ./Core/Src/mainpp.o
                0x0000000008009614                geometry_msgs::Vector3::serialize(unsigned char*) const
 .text._ZN13geometry_msgs7Vector311deserializeEPh
                0x00000000080098fa      0x6be ./Core/Src/mainpp.o
                0x00000000080098fa                geometry_msgs::Vector3::deserialize(unsigned char*)
 .text._ZN13geometry_msgs7Vector37getTypeEv
                0x0000000008009fb8       0x1c ./Core/Src/mainpp.o
                0x0000000008009fb8                geometry_msgs::Vector3::getType()
 .text._ZN13geometry_msgs7Vector36getMD5Ev
                0x0000000008009fd4       0x1c ./Core/Src/mainpp.o
                0x0000000008009fd4                geometry_msgs::Vector3::getMD5()
 .text._ZN13geometry_msgs5TwistC2Ev
                0x0000000008009ff0       0x38 ./Core/Src/mainpp.o
                0x0000000008009ff0                geometry_msgs::Twist::Twist()
                0x0000000008009ff0                geometry_msgs::Twist::Twist()
 .text._ZNK13geometry_msgs5Twist9serializeEPh
                0x000000000800a028       0x4c ./Core/Src/mainpp.o
                0x000000000800a028                geometry_msgs::Twist::serialize(unsigned char*) const
 .text._ZN13geometry_msgs5Twist11deserializeEPh
                0x000000000800a074       0x4c ./Core/Src/mainpp.o
                0x000000000800a074                geometry_msgs::Twist::deserialize(unsigned char*)
 .text._ZN13geometry_msgs5Twist7getTypeEv
                0x000000000800a0c0       0x1c ./Core/Src/mainpp.o
                0x000000000800a0c0                geometry_msgs::Twist::getType()
 .text._ZN13geometry_msgs5Twist6getMD5Ev
                0x000000000800a0dc       0x1c ./Core/Src/mainpp.o
                0x000000000800a0dc                geometry_msgs::Twist::getMD5()
 .text._ZN13geometry_msgs6Pose2DC2Ev
                0x000000000800a0f8       0x50 ./Core/Src/mainpp.o
                0x000000000800a0f8                geometry_msgs::Pose2D::Pose2D()
                0x000000000800a0f8                geometry_msgs::Pose2D::Pose2D()
 .text._ZNK13geometry_msgs6Pose2D9serializeEPh
                0x000000000800a148      0x2e6 ./Core/Src/mainpp.o
                0x000000000800a148                geometry_msgs::Pose2D::serialize(unsigned char*) const
 .text._ZN13geometry_msgs6Pose2D11deserializeEPh
                0x000000000800a42e      0x6be ./Core/Src/mainpp.o
                0x000000000800a42e                geometry_msgs::Pose2D::deserialize(unsigned char*)
 .text._ZN13geometry_msgs6Pose2D7getTypeEv
                0x000000000800aaec       0x1c ./Core/Src/mainpp.o
                0x000000000800aaec                geometry_msgs::Pose2D::getType()
 .text._ZN13geometry_msgs6Pose2D6getMD5Ev
                0x000000000800ab08       0x1c ./Core/Src/mainpp.o
                0x000000000800ab08                geometry_msgs::Pose2D::getMD5()
 .text._ZN3ros3MsgaSERKS0_
                0x000000000800ab24       0x18 ./Core/Src/mainpp.o
                0x000000000800ab24                ros::Msg::operator=(ros::Msg const&)
 .text._ZN13geometry_msgs6Pose2DaSERKS0_
                0x000000000800ab3c       0x44 ./Core/Src/mainpp.o
                0x000000000800ab3c                geometry_msgs::Pose2D::operator=(geometry_msgs::Pose2D const&)
 .text._Z15initial_pose_cbRKN13geometry_msgs6Pose2DE
                0x000000000800ab80       0x1c ./Core/Src/mainpp.o
                0x000000000800ab80                initial_pose_cb(geometry_msgs::Pose2D const&)
 .text.HAL_UART_TxCpltCallback
                0x000000000800ab9c       0x24 ./Core/Src/mainpp.o
                0x000000000800ab9c                HAL_UART_TxCpltCallback
 .text.HAL_UART_RxCpltCallback
                0x000000000800abc0       0x24 ./Core/Src/mainpp.o
                0x000000000800abc0                HAL_UART_RxCpltCallback
 .text.setup    0x000000000800abe4       0x38 ./Core/Src/mainpp.o
                0x000000000800abe4                setup
 .text.loop     0x000000000800ac1c       0x4c ./Core/Src/mainpp.o
                0x000000000800ac1c                loop
 .text._ZN3ros3Msg8varToArrIPhmEEvT_T0_
                0x000000000800ac68       0x3c ./Core/Src/mainpp.o
                0x000000000800ac68                void ros::Msg::varToArr<unsigned char*, unsigned long>(unsigned char*, unsigned long)
 .text._ZN3ros3Msg8arrToVarImPhEEvRT_T0_
                0x000000000800aca4       0x4a ./Core/Src/mainpp.o
                0x000000000800aca4                void ros::Msg::arrToVar<unsigned long, unsigned char*>(unsigned long&, unsigned char*)
 *fill*         0x000000000800acee        0x2 
 .text._ZN3ros15NodeHandleBase_C2Ev
                0x000000000800acf0       0x20 ./Core/Src/mainpp.o
                0x000000000800acf0                ros::NodeHandleBase_::NodeHandleBase_()
                0x000000000800acf0                ros::NodeHandleBase_::NodeHandleBase_()
 .text._ZN3ros11NodeHandle_I13STM32HardwareLi25ELi25ELi512ELi512EEC2Ev
                0x000000000800ad10      0x100 ./Core/Src/mainpp.o
                0x000000000800ad10                ros::NodeHandle_<STM32Hardware, 25, 25, 512, 512>::NodeHandle_()
                0x000000000800ad10                ros::NodeHandle_<STM32Hardware, 25, 25, 512, 512>::NodeHandle_()
 .text._ZN3ros11Subscriber_C2Ev
                0x000000000800ae10       0x20 ./Core/Src/mainpp.o
                0x000000000800ae10                ros::Subscriber_::Subscriber_()
                0x000000000800ae10                ros::Subscriber_::Subscriber_()
 .text._ZN3ros10SubscriberIN13geometry_msgs6Pose2DEvEC2EPKcPFvRKS2_Ei
                0x000000000800ae30       0x48 ./Core/Src/mainpp.o
                0x000000000800ae30                ros::Subscriber<geometry_msgs::Pose2D, void>::Subscriber(char const*, void (*)(geometry_msgs::Pose2D const&), int)
                0x000000000800ae30                ros::Subscriber<geometry_msgs::Pose2D, void>::Subscriber(char const*, void (*)(geometry_msgs::Pose2D const&), int)
 .text._ZN3ros11NodeHandle_I13STM32HardwareLi25ELi25ELi512ELi512EE11getHardwareEv
                0x000000000800ae78       0x18 ./Core/Src/mainpp.o
                0x000000000800ae78                ros::NodeHandle_<STM32Hardware, 25, 25, 512, 512>::getHardware()
 .text._ZN3ros11NodeHandle_I13STM32HardwareLi25ELi25ELi512ELi512EE8initNodeEv
                0x000000000800ae90       0x3a ./Core/Src/mainpp.o
                0x000000000800ae90                ros::NodeHandle_<STM32Hardware, 25, 25, 512, 512>::initNode()
 .text._ZN3ros11NodeHandle_I13STM32HardwareLi25ELi25ELi512ELi512EE9advertiseERNS_9PublisherE
                0x000000000800aeca       0x60 ./Core/Src/mainpp.o
                0x000000000800aeca                ros::NodeHandle_<STM32Hardware, 25, 25, 512, 512>::advertise(ros::Publisher&)
 .text._ZN3ros11NodeHandle_I13STM32HardwareLi25ELi25ELi512ELi512EE9subscribeINS_10SubscriberIN13geometry_msgs6Pose2DEvEEEEbRT_
                0x000000000800af2a       0x56 ./Core/Src/mainpp.o
                0x000000000800af2a                bool ros::NodeHandle_<STM32Hardware, 25, 25, 512, 512>::subscribe<ros::Subscriber<geometry_msgs::Pose2D, void> >(ros::Subscriber<geometry_msgs::Pose2D, void>&)
 .text._ZN3ros11NodeHandle_I13STM32HardwareLi25ELi25ELi512ELi512EE9connectedEv
                0x000000000800af80       0x1a ./Core/Src/mainpp.o
                0x000000000800af80                ros::NodeHandle_<STM32Hardware, 25, 25, 512, 512>::connected()
 .text._ZN3ros11NodeHandle_I13STM32HardwareLi25ELi25ELi512ELi512EE8spinOnceEv
                0x000000000800af9a      0x3b2 ./Core/Src/mainpp.o
                0x000000000800af9a                ros::NodeHandle_<STM32Hardware, 25, 25, 512, 512>::spinOnce()
 .text._ZN3ros11NodeHandle_I13STM32HardwareLi25ELi25ELi512ELi512EE15requestSyncTimeEv
                0x000000000800b34c       0x3c ./Core/Src/mainpp.o
                0x000000000800b34c                ros::NodeHandle_<STM32Hardware, 25, 25, 512, 512>::requestSyncTime()
 .text._ZN3ros11NodeHandle_I13STM32HardwareLi25ELi25ELi512ELi512EE15negotiateTopicsEv
                0x000000000800b388      0x1be ./Core/Src/mainpp.o
                0x000000000800b388                ros::NodeHandle_<STM32Hardware, 25, 25, 512, 512>::negotiateTopics()
 *fill*         0x000000000800b546        0x2 
 .text._ZN3ros11NodeHandle_I13STM32HardwareLi25ELi25ELi512ELi512EE8syncTimeEPh
                0x000000000800b548       0x98 ./Core/Src/mainpp.o
                0x000000000800b548                ros::NodeHandle_<STM32Hardware, 25, 25, 512, 512>::syncTime(unsigned char*)
 .text._ZN3ros11NodeHandle_I13STM32HardwareLi25ELi25ELi512ELi512EE7publishEiPKNS_3MsgE
                0x000000000800b5e0      0x128 ./Core/Src/mainpp.o
                0x000000000800b5e0                ros::NodeHandle_<STM32Hardware, 25, 25, 512, 512>::publish(int, ros::Msg const*)
 .text._ZN3ros11NodeHandle_I13STM32HardwareLi25ELi25ELi512ELi512EE6setNowERNS_4TimeE
                0x000000000800b708       0x80 ./Core/Src/mainpp.o
                0x000000000800b708                ros::NodeHandle_<STM32Hardware, 25, 25, 512, 512>::setNow(ros::Time&)
 .text._ZN3ros11NodeHandle_I13STM32HardwareLi25ELi25ELi512ELi512EE8logerrorEPKc
                0x000000000800b788       0x1c ./Core/Src/mainpp.o
                0x000000000800b788                ros::NodeHandle_<STM32Hardware, 25, 25, 512, 512>::logerror(char const*)
 .text._ZN3ros11NodeHandle_I13STM32HardwareLi25ELi25ELi512ELi512EE3logEcPKc
                0x000000000800b7a4       0x38 ./Core/Src/mainpp.o
                0x000000000800b7a4                ros::NodeHandle_<STM32Hardware, 25, 25, 512, 512>::log(char, char const*)
 .text._Z41__static_initialization_and_destruction_0ii
                0x000000000800b7dc       0x8c ./Core/Src/mainpp.o
 .text._ZN3ros10SubscriberIN13geometry_msgs6Pose2DEvE8callbackEPh
                0x000000000800b868       0x2a ./Core/Src/mainpp.o
                0x000000000800b868                ros::Subscriber<geometry_msgs::Pose2D, void>::callback(unsigned char*)
 .text._ZN3ros10SubscriberIN13geometry_msgs6Pose2DEvE15getEndpointTypeEv
                0x000000000800b892       0x18 ./Core/Src/mainpp.o
                0x000000000800b892                ros::Subscriber<geometry_msgs::Pose2D, void>::getEndpointType()
 .text._ZN3ros10SubscriberIN13geometry_msgs6Pose2DEvE10getMsgTypeEv
                0x000000000800b8aa       0x1c ./Core/Src/mainpp.o
                0x000000000800b8aa                ros::Subscriber<geometry_msgs::Pose2D, void>::getMsgType()
 .text._ZN3ros10SubscriberIN13geometry_msgs6Pose2DEvE9getMsgMD5Ev
                0x000000000800b8c6       0x1c ./Core/Src/mainpp.o
                0x000000000800b8c6                ros::Subscriber<geometry_msgs::Pose2D, void>::getMsgMD5()
 .text._GLOBAL__sub_I_nh
                0x000000000800b8e2       0x10 ./Core/Src/mainpp.o
 *fill*         0x000000000800b8f2        0x2 
 .text.MX_SPI2_Init
                0x000000000800b8f4       0x70 ./Core/Src/spi.o
                0x000000000800b8f4                MX_SPI2_Init
 .text.HAL_SPI_MspInit
                0x000000000800b964       0x90 ./Core/Src/spi.o
                0x000000000800b964                HAL_SPI_MspInit
 .text.HAL_MspInit
                0x000000000800b9f4       0x50 ./Core/Src/stm32f4xx_hal_msp.o
                0x000000000800b9f4                HAL_MspInit
 .text.LL_DMA_EnableStream
                0x000000000800ba44       0x40 ./Core/Src/stm32f4xx_it.o
 .text.LL_DMA_DisableStream
                0x000000000800ba84       0x40 ./Core/Src/stm32f4xx_it.o
 .text.LL_DMA_IsActiveFlag_TC3
                0x000000000800bac4       0x28 ./Core/Src/stm32f4xx_it.o
 .text.LL_DMA_ClearFlag_TC3
                0x000000000800baec       0x1c ./Core/Src/stm32f4xx_it.o
 .text.LL_TIM_ClearFlag_CC1
                0x000000000800bb08       0x1c ./Core/Src/stm32f4xx_it.o
 .text.LL_TIM_IsActiveFlag_CC1
                0x000000000800bb24       0x26 ./Core/Src/stm32f4xx_it.o
 .text.LL_USART_IsActiveFlag_RXNE
                0x000000000800bb4a       0x26 ./Core/Src/stm32f4xx_it.o
 .text.LL_USART_ClearFlag_RXNE
                0x000000000800bb70       0x1c ./Core/Src/stm32f4xx_it.o
 .text.LL_USART_EnableDMAReq_RX
                0x000000000800bb8c       0x46 ./Core/Src/stm32f4xx_it.o
 .text.LL_USART_DisableDMAReq_RX
                0x000000000800bbd2       0x46 ./Core/Src/stm32f4xx_it.o
 .text.LL_GPIO_TogglePin
                0x000000000800bc18       0x32 ./Core/Src/stm32f4xx_it.o
 .text.NMI_Handler
                0x000000000800bc4a        0x6 ./Core/Src/stm32f4xx_it.o
                0x000000000800bc4a                NMI_Handler
 .text.HardFault_Handler
                0x000000000800bc50        0x6 ./Core/Src/stm32f4xx_it.o
                0x000000000800bc50                HardFault_Handler
 .text.MemManage_Handler
                0x000000000800bc56        0x6 ./Core/Src/stm32f4xx_it.o
                0x000000000800bc56                MemManage_Handler
 .text.BusFault_Handler
                0x000000000800bc5c        0x6 ./Core/Src/stm32f4xx_it.o
                0x000000000800bc5c                BusFault_Handler
 .text.UsageFault_Handler
                0x000000000800bc62        0x6 ./Core/Src/stm32f4xx_it.o
                0x000000000800bc62                UsageFault_Handler
 .text.SVC_Handler
                0x000000000800bc68        0xe ./Core/Src/stm32f4xx_it.o
                0x000000000800bc68                SVC_Handler
 .text.DebugMon_Handler
                0x000000000800bc76        0xe ./Core/Src/stm32f4xx_it.o
                0x000000000800bc76                DebugMon_Handler
 .text.PendSV_Handler
                0x000000000800bc84        0xe ./Core/Src/stm32f4xx_it.o
                0x000000000800bc84                PendSV_Handler
 .text.SysTick_Handler
                0x000000000800bc92        0xc ./Core/Src/stm32f4xx_it.o
                0x000000000800bc92                SysTick_Handler
 .text.DMA1_Stream1_IRQHandler
                0x000000000800bc9e        0xe ./Core/Src/stm32f4xx_it.o
                0x000000000800bc9e                DMA1_Stream1_IRQHandler
 .text.DMA1_Stream3_IRQHandler
                0x000000000800bcac       0x28 ./Core/Src/stm32f4xx_it.o
                0x000000000800bcac                DMA1_Stream3_IRQHandler
 .text.DMA1_Stream5_IRQHandler
                0x000000000800bcd4       0x14 ./Core/Src/stm32f4xx_it.o
                0x000000000800bcd4                DMA1_Stream5_IRQHandler
 .text.DMA1_Stream6_IRQHandler
                0x000000000800bce8       0x14 ./Core/Src/stm32f4xx_it.o
                0x000000000800bce8                DMA1_Stream6_IRQHandler
 .text.CAN1_RX0_IRQHandler
                0x000000000800bcfc       0x78 ./Core/Src/stm32f4xx_it.o
                0x000000000800bcfc                CAN1_RX0_IRQHandler
 .text.TIM2_IRQHandler
                0x000000000800bd74        0xc ./Core/Src/stm32f4xx_it.o
                0x000000000800bd74                TIM2_IRQHandler
 .text.TIM4_IRQHandler
                0x000000000800bd80       0x14 ./Core/Src/stm32f4xx_it.o
                0x000000000800bd80                TIM4_IRQHandler
 .text.USART2_IRQHandler
                0x000000000800bd94       0x14 ./Core/Src/stm32f4xx_it.o
                0x000000000800bd94                USART2_IRQHandler
 .text.USART3_IRQHandler
                0x000000000800bda8       0x78 ./Core/Src/stm32f4xx_it.o
                0x000000000800bda8                USART3_IRQHandler
 .text.TIM8_CC_IRQHandler
                0x000000000800be20       0x20 ./Core/Src/stm32f4xx_it.o
                0x000000000800be20                TIM8_CC_IRQHandler
 .text.TIM5_IRQHandler
                0x000000000800be40       0x14 ./Core/Src/stm32f4xx_it.o
                0x000000000800be40                TIM5_IRQHandler
 .text.UART4_IRQHandler
                0x000000000800be54        0xc ./Core/Src/stm32f4xx_it.o
                0x000000000800be54                UART4_IRQHandler
 .text._getpid  0x000000000800be60       0x10 ./Core/Src/syscalls.o
                0x000000000800be60                _getpid
 .text._kill    0x000000000800be70       0x20 ./Core/Src/syscalls.o
                0x000000000800be70                _kill
 .text._exit    0x000000000800be90       0x14 ./Core/Src/syscalls.o
                0x000000000800be90                _exit
 .text._read    0x000000000800bea4       0x3a ./Core/Src/syscalls.o
                0x000000000800bea4                _read
 .text._close   0x000000000800bede       0x18 ./Core/Src/syscalls.o
                0x000000000800bede                _close
 .text._fstat   0x000000000800bef6       0x20 ./Core/Src/syscalls.o
                0x000000000800bef6                _fstat
 .text._isatty  0x000000000800bf16       0x16 ./Core/Src/syscalls.o
                0x000000000800bf16                _isatty
 .text._lseek   0x000000000800bf2c       0x1a ./Core/Src/syscalls.o
                0x000000000800bf2c                _lseek
 *fill*         0x000000000800bf46        0x2 
 .text._sbrk    0x000000000800bf48       0x6c ./Core/Src/sysmem.o
                0x000000000800bf48                _sbrk
 .text.SystemInit
                0x000000000800bfb4       0x24 ./Core/Src/system_stm32f4xx.o
                0x000000000800bfb4                SystemInit
 .text.__NVIC_GetPriorityGrouping
                0x000000000800bfd8       0x1c ./Core/Src/tim.o
 .text.__NVIC_EnableIRQ
                0x000000000800bff4       0x3c ./Core/Src/tim.o
 .text.__NVIC_SetPriority
                0x000000000800c030       0x54 ./Core/Src/tim.o
 .text.NVIC_EncodePriority
                0x000000000800c084       0x66 ./Core/Src/tim.o
 *fill*         0x000000000800c0ea        0x2 
 .text.LL_AHB1_GRP1_EnableClock
                0x000000000800c0ec       0x30 ./Core/Src/tim.o
 .text.LL_APB1_GRP1_EnableClock
                0x000000000800c11c       0x30 ./Core/Src/tim.o
 .text.LL_APB2_GRP1_EnableClock
                0x000000000800c14c       0x30 ./Core/Src/tim.o
 .text.LL_TIM_DisableARRPreload
                0x000000000800c17c       0x20 ./Core/Src/tim.o
 .text.LL_TIM_CC_DisableChannel
                0x000000000800c19c       0x24 ./Core/Src/tim.o
 .text.LL_TIM_OC_DisableFast
                0x000000000800c1c0       0x8c ./Core/Src/tim.o
 .text.LL_TIM_IC_SetActiveInput
                0x000000000800c24c       0x9c ./Core/Src/tim.o
 .text.LL_TIM_IC_SetPrescaler
                0x000000000800c2e8       0x9c ./Core/Src/tim.o
 .text.LL_TIM_IC_SetFilter
                0x000000000800c384       0x9c ./Core/Src/tim.o
 .text.LL_TIM_IC_SetPolarity
                0x000000000800c420       0x88 ./Core/Src/tim.o
 .text.LL_TIM_SetClockSource
                0x000000000800c4a8       0x2a ./Core/Src/tim.o
 .text.LL_TIM_SetTriggerOutput
                0x000000000800c4d2       0x26 ./Core/Src/tim.o
 .text.LL_TIM_SetSlaveMode
                0x000000000800c4f8       0x26 ./Core/Src/tim.o
 .text.LL_TIM_SetTriggerInput
                0x000000000800c51e       0x26 ./Core/Src/tim.o
 .text.LL_TIM_DisableMasterSlaveMode
                0x000000000800c544       0x20 ./Core/Src/tim.o
 .text.LL_TIM_DisableIT_TRIG
                0x000000000800c564       0x20 ./Core/Src/tim.o
 .text.LL_TIM_DisableDMAReq_TRIG
                0x000000000800c584       0x20 ./Core/Src/tim.o
 .text.MX_TIM2_Init
                0x000000000800c5a4       0xf8 ./Core/Src/tim.o
                0x000000000800c5a4                MX_TIM2_Init
 .text.MX_TIM4_Init
                0x000000000800c69c       0x9c ./Core/Src/tim.o
                0x000000000800c69c                MX_TIM4_Init
 .text.MX_TIM5_Init
                0x000000000800c738       0xac ./Core/Src/tim.o
                0x000000000800c738                MX_TIM5_Init
 .text.MX_TIM8_Init
                0x000000000800c7e4      0x1a8 ./Core/Src/tim.o
                0x000000000800c7e4                MX_TIM8_Init
 .text.HAL_TIM_Base_MspInit
                0x000000000800c98c       0x50 ./Core/Src/tim.o
                0x000000000800c98c                HAL_TIM_Base_MspInit
 .text.HAL_TIM_OC_MspInit
                0x000000000800c9dc       0x50 ./Core/Src/tim.o
                0x000000000800c9dc                HAL_TIM_OC_MspInit
 .text.__NVIC_GetPriorityGrouping
                0x000000000800ca2c       0x1c ./Core/Src/usart.o
 .text.__NVIC_EnableIRQ
                0x000000000800ca48       0x3c ./Core/Src/usart.o
 .text.__NVIC_SetPriority
                0x000000000800ca84       0x54 ./Core/Src/usart.o
 .text.NVIC_EncodePriority
                0x000000000800cad8       0x66 ./Core/Src/usart.o
 *fill*         0x000000000800cb3e        0x2 
 .text.LL_DMA_SetDataTransferDirection
                0x000000000800cb40       0x48 ./Core/Src/usart.o
 .text.LL_DMA_SetMode
                0x000000000800cb88       0x48 ./Core/Src/usart.o
 .text.LL_DMA_SetPeriphIncMode
                0x000000000800cbd0       0x48 ./Core/Src/usart.o
 .text.LL_DMA_SetMemoryIncMode
                0x000000000800cc18       0x48 ./Core/Src/usart.o
 .text.LL_DMA_SetPeriphSize
                0x000000000800cc60       0x48 ./Core/Src/usart.o
 .text.LL_DMA_SetMemorySize
                0x000000000800cca8       0x48 ./Core/Src/usart.o
 .text.LL_DMA_SetStreamPriorityLevel
                0x000000000800ccf0       0x48 ./Core/Src/usart.o
 .text.LL_DMA_SetChannelSelection
                0x000000000800cd38       0x48 ./Core/Src/usart.o
 .text.LL_DMA_DisableFifoMode
                0x000000000800cd80       0x40 ./Core/Src/usart.o
 .text.LL_AHB1_GRP1_EnableClock
                0x000000000800cdc0       0x30 ./Core/Src/usart.o
 .text.LL_APB1_GRP1_EnableClock
                0x000000000800cdf0       0x30 ./Core/Src/usart.o
 .text.LL_USART_Enable
                0x000000000800ce20       0x20 ./Core/Src/usart.o
 .text.LL_USART_ConfigAsyncMode
                0x000000000800ce40       0x2c ./Core/Src/usart.o
 .text.MX_UART4_Init
                0x000000000800ce6c       0xc4 ./Core/Src/usart.o
                0x000000000800ce6c                MX_UART4_Init
 .text.MX_UART5_Init
                0x000000000800cf30       0x54 ./Core/Src/usart.o
                0x000000000800cf30                MX_UART5_Init
 .text.MX_USART2_UART_Init
                0x000000000800cf84       0x54 ./Core/Src/usart.o
                0x000000000800cf84                MX_USART2_UART_Init
 .text.MX_USART3_UART_Init
                0x000000000800cfd8      0x180 ./Core/Src/usart.o
                0x000000000800cfd8                MX_USART3_UART_Init
 .text.HAL_UART_MspInit
                0x000000000800d158      0x1dc ./Core/Src/usart.o
                0x000000000800d158                HAL_UART_MspInit
 .text.Reset_Handler
                0x000000000800d334       0x50 ./Core/Startup/startup_stm32f446retx.o
                0x000000000800d334                Reset_Handler
 .text.Default_Handler
                0x000000000800d384        0x2 ./Core/Startup/startup_stm32f446retx.o
                0x000000000800d384                RTC_Alarm_IRQHandler
                0x000000000800d384                EXTI2_IRQHandler
                0x000000000800d384                FMPI2C1_EV_IRQHandler
                0x000000000800d384                SPI4_IRQHandler
                0x000000000800d384                TIM1_CC_IRQHandler
                0x000000000800d384                DMA2_Stream5_IRQHandler
                0x000000000800d384                PVD_IRQHandler
                0x000000000800d384                SDIO_IRQHandler
                0x000000000800d384                TAMP_STAMP_IRQHandler
                0x000000000800d384                CAN2_RX1_IRQHandler
                0x000000000800d384                EXTI3_IRQHandler
                0x000000000800d384                TIM8_TRG_COM_TIM14_IRQHandler
                0x000000000800d384                TIM1_UP_TIM10_IRQHandler
                0x000000000800d384                TIM8_UP_TIM13_IRQHandler
                0x000000000800d384                I2C3_ER_IRQHandler
                0x000000000800d384                EXTI0_IRQHandler
                0x000000000800d384                I2C2_EV_IRQHandler
                0x000000000800d384                DMA1_Stream2_IRQHandler
                0x000000000800d384                FPU_IRQHandler
                0x000000000800d384                OTG_HS_WKUP_IRQHandler
                0x000000000800d384                CAN2_SCE_IRQHandler
                0x000000000800d384                DMA2_Stream2_IRQHandler
                0x000000000800d384                SPI1_IRQHandler
                0x000000000800d384                TIM6_DAC_IRQHandler
                0x000000000800d384                TIM1_BRK_TIM9_IRQHandler
                0x000000000800d384                DCMI_IRQHandler
                0x000000000800d384                CAN2_RX0_IRQHandler
                0x000000000800d384                DMA2_Stream3_IRQHandler
                0x000000000800d384                SAI2_IRQHandler
                0x000000000800d384                USART6_IRQHandler
                0x000000000800d384                CAN1_RX1_IRQHandler
                0x000000000800d384                UART5_IRQHandler
                0x000000000800d384                DMA2_Stream0_IRQHandler
                0x000000000800d384                QUADSPI_IRQHandler
                0x000000000800d384                I2C1_EV_IRQHandler
                0x000000000800d384                TIM3_IRQHandler
                0x000000000800d384                RCC_IRQHandler
                0x000000000800d384                TIM8_BRK_TIM12_IRQHandler
                0x000000000800d384                Default_Handler
                0x000000000800d384                CEC_IRQHandler
                0x000000000800d384                EXTI15_10_IRQHandler
                0x000000000800d384                ADC_IRQHandler
                0x000000000800d384                DMA1_Stream7_IRQHandler
                0x000000000800d384                TIM7_IRQHandler
                0x000000000800d384                CAN2_TX_IRQHandler
                0x000000000800d384                DMA2_Stream7_IRQHandler
                0x000000000800d384                I2C3_EV_IRQHandler
                0x000000000800d384                EXTI9_5_IRQHandler
                0x000000000800d384                RTC_WKUP_IRQHandler
                0x000000000800d384                SPDIF_RX_IRQHandler
                0x000000000800d384                SPI2_IRQHandler
                0x000000000800d384                OTG_HS_EP1_IN_IRQHandler
                0x000000000800d384                DMA1_Stream0_IRQHandler
                0x000000000800d384                CAN1_TX_IRQHandler
                0x000000000800d384                FMPI2C1_ER_IRQHandler
                0x000000000800d384                EXTI4_IRQHandler
                0x000000000800d384                OTG_HS_EP1_OUT_IRQHandler
                0x000000000800d384                WWDG_IRQHandler
                0x000000000800d384                OTG_FS_WKUP_IRQHandler
                0x000000000800d384                TIM1_TRG_COM_TIM11_IRQHandler
                0x000000000800d384                OTG_HS_IRQHandler
                0x000000000800d384                EXTI1_IRQHandler
                0x000000000800d384                I2C2_ER_IRQHandler
                0x000000000800d384                DMA2_Stream1_IRQHandler
                0x000000000800d384                CAN1_SCE_IRQHandler
                0x000000000800d384                FLASH_IRQHandler
                0x000000000800d384                DMA2_Stream4_IRQHandler
                0x000000000800d384                USART1_IRQHandler
                0x000000000800d384                OTG_FS_IRQHandler
                0x000000000800d384                SPI3_IRQHandler
                0x000000000800d384                DMA1_Stream4_IRQHandler
                0x000000000800d384                I2C1_ER_IRQHandler
                0x000000000800d384                FMC_IRQHandler
                0x000000000800d384                DMA2_Stream6_IRQHandler
                0x000000000800d384                SAI1_IRQHandler
 *fill*         0x000000000800d386        0x2 
 .text.HAL_Init
                0x000000000800d388       0x44 ./Drivers/STM32F4xx_HAL_Driver/Src/stm32f4xx_hal.o
                0x000000000800d388                HAL_Init
 .text.HAL_InitTick
                0x000000000800d3cc       0x60 ./Drivers/STM32F4xx_HAL_Driver/Src/stm32f4xx_hal.o
                0x000000000800d3cc                HAL_InitTick
 .text.HAL_IncTick
                0x000000000800d42c       0x28 ./Drivers/STM32F4xx_HAL_Driver/Src/stm32f4xx_hal.o
                0x000000000800d42c                HAL_IncTick
 .text.HAL_GetTick
                0x000000000800d454       0x18 ./Drivers/STM32F4xx_HAL_Driver/Src/stm32f4xx_hal.o
                0x000000000800d454                HAL_GetTick
 .text.HAL_Delay
                0x000000000800d46c       0x48 ./Drivers/STM32F4xx_HAL_Driver/Src/stm32f4xx_hal.o
                0x000000000800d46c                HAL_Delay
 .text.HAL_CAN_Init
                0x000000000800d4b4      0x1f6 ./Drivers/STM32F4xx_HAL_Driver/Src/stm32f4xx_hal_can.o
                0x000000000800d4b4                HAL_CAN_Init
 *fill*         0x000000000800d6aa        0x2 
 .text.HAL_CAN_ConfigFilter
                0x000000000800d6ac      0x1c0 ./Drivers/STM32F4xx_HAL_Driver/Src/stm32f4xx_hal_can.o
                0x000000000800d6ac                HAL_CAN_ConfigFilter
 .text.HAL_CAN_Start
                0x000000000800d86c       0x88 ./Drivers/STM32F4xx_HAL_Driver/Src/stm32f4xx_hal_can.o
                0x000000000800d86c                HAL_CAN_Start
 .text.HAL_CAN_AddTxMessage
                0x000000000800d8f4      0x1b6 ./Drivers/STM32F4xx_HAL_Driver/Src/stm32f4xx_hal_can.o
                0x000000000800d8f4                HAL_CAN_AddTxMessage
 .text.HAL_CAN_GetTxMailboxesFreeLevel
                0x000000000800daaa       0x6a ./Drivers/STM32F4xx_HAL_Driver/Src/stm32f4xx_hal_can.o
                0x000000000800daaa                HAL_CAN_GetTxMailboxesFreeLevel
 .text.HAL_CAN_GetRxMessage
                0x000000000800db14      0x224 ./Drivers/STM32F4xx_HAL_Driver/Src/stm32f4xx_hal_can.o
                0x000000000800db14                HAL_CAN_GetRxMessage
 .text.HAL_CAN_ActivateNotification
                0x000000000800dd38       0x4c ./Drivers/STM32F4xx_HAL_Driver/Src/stm32f4xx_hal_can.o
                0x000000000800dd38                HAL_CAN_ActivateNotification
 .text.HAL_CAN_IRQHandler
                0x000000000800dd84      0x36e ./Drivers/STM32F4xx_HAL_Driver/Src/stm32f4xx_hal_can.o
                0x000000000800dd84                HAL_CAN_IRQHandler
 .text.HAL_CAN_TxMailbox0CompleteCallback
                0x000000000800e0f2       0x14 ./Drivers/STM32F4xx_HAL_Driver/Src/stm32f4xx_hal_can.o
                0x000000000800e0f2                HAL_CAN_TxMailbox0CompleteCallback
 .text.HAL_CAN_TxMailbox1CompleteCallback
                0x000000000800e106       0x14 ./Drivers/STM32F4xx_HAL_Driver/Src/stm32f4xx_hal_can.o
                0x000000000800e106                HAL_CAN_TxMailbox1CompleteCallback
 .text.HAL_CAN_TxMailbox2CompleteCallback
                0x000000000800e11a       0x14 ./Drivers/STM32F4xx_HAL_Driver/Src/stm32f4xx_hal_can.o
                0x000000000800e11a                HAL_CAN_TxMailbox2CompleteCallback
 .text.HAL_CAN_TxMailbox0AbortCallback
                0x000000000800e12e       0x14 ./Drivers/STM32F4xx_HAL_Driver/Src/stm32f4xx_hal_can.o
                0x000000000800e12e                HAL_CAN_TxMailbox0AbortCallback
 .text.HAL_CAN_TxMailbox1AbortCallback
                0x000000000800e142       0x14 ./Drivers/STM32F4xx_HAL_Driver/Src/stm32f4xx_hal_can.o
                0x000000000800e142                HAL_CAN_TxMailbox1AbortCallback
 .text.HAL_CAN_TxMailbox2AbortCallback
                0x000000000800e156       0x14 ./Drivers/STM32F4xx_HAL_Driver/Src/stm32f4xx_hal_can.o
                0x000000000800e156                HAL_CAN_TxMailbox2AbortCallback
 .text.HAL_CAN_RxFifo0MsgPendingCallback
                0x000000000800e16a       0x14 ./Drivers/STM32F4xx_HAL_Driver/Src/stm32f4xx_hal_can.o
                0x000000000800e16a                HAL_CAN_RxFifo0MsgPendingCallback
 .text.HAL_CAN_RxFifo0FullCallback
                0x000000000800e17e       0x14 ./Drivers/STM32F4xx_HAL_Driver/Src/stm32f4xx_hal_can.o
                0x000000000800e17e                HAL_CAN_RxFifo0FullCallback
 .text.HAL_CAN_RxFifo1MsgPendingCallback
                0x000000000800e192       0x14 ./Drivers/STM32F4xx_HAL_Driver/Src/stm32f4xx_hal_can.o
                0x000000000800e192                HAL_CAN_RxFifo1MsgPendingCallback
 .text.HAL_CAN_RxFifo1FullCallback
                0x000000000800e1a6       0x14 ./Drivers/STM32F4xx_HAL_Driver/Src/stm32f4xx_hal_can.o
                0x000000000800e1a6                HAL_CAN_RxFifo1FullCallback
 .text.HAL_CAN_SleepCallback
                0x000000000800e1ba       0x14 ./Drivers/STM32F4xx_HAL_Driver/Src/stm32f4xx_hal_can.o
                0x000000000800e1ba                HAL_CAN_SleepCallback
 .text.HAL_CAN_WakeUpFromRxMsgCallback
                0x000000000800e1ce       0x14 ./Drivers/STM32F4xx_HAL_Driver/Src/stm32f4xx_hal_can.o
                0x000000000800e1ce                HAL_CAN_WakeUpFromRxMsgCallback
 .text.HAL_CAN_ErrorCallback
                0x000000000800e1e2       0x14 ./Drivers/STM32F4xx_HAL_Driver/Src/stm32f4xx_hal_can.o
                0x000000000800e1e2                HAL_CAN_ErrorCallback
 *fill*         0x000000000800e1f6        0x2 
 .text.__NVIC_SetPriorityGrouping
                0x000000000800e1f8       0x48 ./Drivers/STM32F4xx_HAL_Driver/Src/stm32f4xx_hal_cortex.o
 .text.__NVIC_GetPriorityGrouping
                0x000000000800e240       0x1c ./Drivers/STM32F4xx_HAL_Driver/Src/stm32f4xx_hal_cortex.o
 .text.__NVIC_EnableIRQ
                0x000000000800e25c       0x3c ./Drivers/STM32F4xx_HAL_Driver/Src/stm32f4xx_hal_cortex.o
 .text.__NVIC_SetPriority
                0x000000000800e298       0x54 ./Drivers/STM32F4xx_HAL_Driver/Src/stm32f4xx_hal_cortex.o
 .text.NVIC_EncodePriority
                0x000000000800e2ec       0x66 ./Drivers/STM32F4xx_HAL_Driver/Src/stm32f4xx_hal_cortex.o
 *fill*         0x000000000800e352        0x2 
 .text.SysTick_Config
                0x000000000800e354       0x44 ./Drivers/STM32F4xx_HAL_Driver/Src/stm32f4xx_hal_cortex.o
 .text.HAL_NVIC_SetPriorityGrouping
                0x000000000800e398       0x16 ./Drivers/STM32F4xx_HAL_Driver/Src/stm32f4xx_hal_cortex.o
                0x000000000800e398                HAL_NVIC_SetPriorityGrouping
 .text.HAL_NVIC_SetPriority
                0x000000000800e3ae       0x38 ./Drivers/STM32F4xx_HAL_Driver/Src/stm32f4xx_hal_cortex.o
                0x000000000800e3ae                HAL_NVIC_SetPriority
 .text.HAL_NVIC_EnableIRQ
                0x000000000800e3e6       0x1c ./Drivers/STM32F4xx_HAL_Driver/Src/stm32f4xx_hal_cortex.o
                0x000000000800e3e6                HAL_NVIC_EnableIRQ
 .text.HAL_SYSTICK_Config
                0x000000000800e402       0x18 ./Drivers/STM32F4xx_HAL_Driver/Src/stm32f4xx_hal_cortex.o
                0x000000000800e402                HAL_SYSTICK_Config
 *fill*         0x000000000800e41a        0x2 
 .text.HAL_DMA_Init
                0x000000000800e41c      0x15c ./Drivers/STM32F4xx_HAL_Driver/Src/stm32f4xx_hal_dma.o
                0x000000000800e41c                HAL_DMA_Init
 .text.HAL_DMA_Start_IT
                0x000000000800e578       0xb0 ./Drivers/STM32F4xx_HAL_Driver/Src/stm32f4xx_hal_dma.o
                0x000000000800e578                HAL_DMA_Start_IT
 .text.HAL_DMA_Abort
                0x000000000800e628       0xe0 ./Drivers/STM32F4xx_HAL_Driver/Src/stm32f4xx_hal_dma.o
                0x000000000800e628                HAL_DMA_Abort
 .text.HAL_DMA_Abort_IT
                0x000000000800e708       0x44 ./Drivers/STM32F4xx_HAL_Driver/Src/stm32f4xx_hal_dma.o
                0x000000000800e708                HAL_DMA_Abort_IT
 .text.HAL_DMA_IRQHandler
                0x000000000800e74c      0x314 ./Drivers/STM32F4xx_HAL_Driver/Src/stm32f4xx_hal_dma.o
                0x000000000800e74c                HAL_DMA_IRQHandler
 .text.DMA_SetConfig
                0x000000000800ea60       0x5c ./Drivers/STM32F4xx_HAL_Driver/Src/stm32f4xx_hal_dma.o
 .text.DMA_CalcBaseAndBitshift
                0x000000000800eabc       0x6c ./Drivers/STM32F4xx_HAL_Driver/Src/stm32f4xx_hal_dma.o
 .text.DMA_CheckFifoParam
                0x000000000800eb28       0xf8 ./Drivers/STM32F4xx_HAL_Driver/Src/stm32f4xx_hal_dma.o
 .text.HAL_GPIO_Init
                0x000000000800ec20      0x328 ./Drivers/STM32F4xx_HAL_Driver/Src/stm32f4xx_hal_gpio.o
                0x000000000800ec20                HAL_GPIO_Init
 .text.HAL_GPIO_WritePin
                0x000000000800ef48       0x32 ./Drivers/STM32F4xx_HAL_Driver/Src/stm32f4xx_hal_gpio.o
                0x000000000800ef48                HAL_GPIO_WritePin
 .text.HAL_GPIO_TogglePin
                0x000000000800ef7a       0x34 ./Drivers/STM32F4xx_HAL_Driver/Src/stm32f4xx_hal_gpio.o
                0x000000000800ef7a                HAL_GPIO_TogglePin
 *fill*         0x000000000800efae        0x2 
 .text.HAL_RCC_GetHCLKFreq
                0x000000000800efb0       0x18 ./Drivers/STM32F4xx_HAL_Driver/Src/stm32f4xx_hal_rcc.o
                0x000000000800efb0                HAL_RCC_GetHCLKFreq
 .text.HAL_RCC_GetPCLK1Freq
                0x000000000800efc8       0x28 ./Drivers/STM32F4xx_HAL_Driver/Src/stm32f4xx_hal_rcc.o
                0x000000000800efc8                HAL_RCC_GetPCLK1Freq
 .text.HAL_RCC_GetPCLK2Freq
                0x000000000800eff0       0x28 ./Drivers/STM32F4xx_HAL_Driver/Src/stm32f4xx_hal_rcc.o
                0x000000000800eff0                HAL_RCC_GetPCLK2Freq
 .text.HAL_SPI_Init
                0x000000000800f018      0x112 ./Drivers/STM32F4xx_HAL_Driver/Src/stm32f4xx_hal_spi.o
                0x000000000800f018                HAL_SPI_Init
 .text.HAL_SPI_TransmitReceive
                0x000000000800f12a      0x344 ./Drivers/STM32F4xx_HAL_Driver/Src/stm32f4xx_hal_spi.o
                0x000000000800f12a                HAL_SPI_TransmitReceive
 *fill*         0x000000000800f46e        0x2 
 .text.SPI_WaitFlagStateUntilTimeout
                0x000000000800f470      0x110 ./Drivers/STM32F4xx_HAL_Driver/Src/stm32f4xx_hal_spi.o
 .text.SPI_EndRxTxTransaction
                0x000000000800f580       0x84 ./Drivers/STM32F4xx_HAL_Driver/Src/stm32f4xx_hal_spi.o
 .text.HAL_TIM_Base_Init
                0x000000000800f604       0x9e ./Drivers/STM32F4xx_HAL_Driver/Src/stm32f4xx_hal_tim.o
                0x000000000800f604                HAL_TIM_Base_Init
 *fill*         0x000000000800f6a2        0x2 
 .text.HAL_TIM_Base_Start_IT
                0x000000000800f6a4       0xe0 ./Drivers/STM32F4xx_HAL_Driver/Src/stm32f4xx_hal_tim.o
                0x000000000800f6a4                HAL_TIM_Base_Start_IT
 .text.HAL_TIM_OC_Init
                0x000000000800f784       0x9e ./Drivers/STM32F4xx_HAL_Driver/Src/stm32f4xx_hal_tim.o
                0x000000000800f784                HAL_TIM_OC_Init
 .text.HAL_TIM_IRQHandler
                0x000000000800f822      0x210 ./Drivers/STM32F4xx_HAL_Driver/Src/stm32f4xx_hal_tim.o
                0x000000000800f822                HAL_TIM_IRQHandler
 *fill*         0x000000000800fa32        0x2 
 .text.HAL_TIM_OC_ConfigChannel
                0x000000000800fa34       0xb8 ./Drivers/STM32F4xx_HAL_Driver/Src/stm32f4xx_hal_tim.o
                0x000000000800fa34                HAL_TIM_OC_ConfigChannel
 .text.HAL_TIM_ConfigClockSource
                0x000000000800faec      0x18e ./Drivers/STM32F4xx_HAL_Driver/Src/stm32f4xx_hal_tim.o
                0x000000000800faec                HAL_TIM_ConfigClockSource
 .text.HAL_TIM_OC_DelayElapsedCallback
                0x000000000800fc7a       0x14 ./Drivers/STM32F4xx_HAL_Driver/Src/stm32f4xx_hal_tim.o
                0x000000000800fc7a                HAL_TIM_OC_DelayElapsedCallback
 .text.HAL_TIM_IC_CaptureCallback
                0x000000000800fc8e       0x14 ./Drivers/STM32F4xx_HAL_Driver/Src/stm32f4xx_hal_tim.o
                0x000000000800fc8e                HAL_TIM_IC_CaptureCallback
 .text.HAL_TIM_PWM_PulseFinishedCallback
                0x000000000800fca2       0x14 ./Drivers/STM32F4xx_HAL_Driver/Src/stm32f4xx_hal_tim.o
                0x000000000800fca2                HAL_TIM_PWM_PulseFinishedCallback
 .text.HAL_TIM_TriggerCallback
                0x000000000800fcb6       0x14 ./Drivers/STM32F4xx_HAL_Driver/Src/stm32f4xx_hal_tim.o
                0x000000000800fcb6                HAL_TIM_TriggerCallback
 *fill*         0x000000000800fcca        0x2 
 .text.TIM_Base_SetConfig
                0x000000000800fccc      0x140 ./Drivers/STM32F4xx_HAL_Driver/Src/stm32f4xx_hal_tim.o
                0x000000000800fccc                TIM_Base_SetConfig
 .text.TIM_OC1_SetConfig
                0x000000000800fe0c       0xe0 ./Drivers/STM32F4xx_HAL_Driver/Src/stm32f4xx_hal_tim.o
 .text.TIM_OC2_SetConfig
                0x000000000800feec       0xec ./Drivers/STM32F4xx_HAL_Driver/Src/stm32f4xx_hal_tim.o
                0x000000000800feec                TIM_OC2_SetConfig
 .text.TIM_OC3_SetConfig
                0x000000000800ffd8       0xe8 ./Drivers/STM32F4xx_HAL_Driver/Src/stm32f4xx_hal_tim.o
 .text.TIM_OC4_SetConfig
                0x00000000080100c0       0xac ./Drivers/STM32F4xx_HAL_Driver/Src/stm32f4xx_hal_tim.o
 .text.TIM_TI1_ConfigInputStage
                0x000000000801016c       0x5e ./Drivers/STM32F4xx_HAL_Driver/Src/stm32f4xx_hal_tim.o
 .text.TIM_TI2_ConfigInputStage
                0x00000000080101ca       0x60 ./Drivers/STM32F4xx_HAL_Driver/Src/stm32f4xx_hal_tim.o
 .text.TIM_ITRx_SetConfig
                0x000000000801022a       0x36 ./Drivers/STM32F4xx_HAL_Driver/Src/stm32f4xx_hal_tim.o
 .text.TIM_ETR_SetConfig
                0x0000000008010260       0x40 ./Drivers/STM32F4xx_HAL_Driver/Src/stm32f4xx_hal_tim.o
                0x0000000008010260                TIM_ETR_SetConfig
 .text.HAL_TIMEx_MasterConfigSynchronization
                0x00000000080102a0       0xf8 ./Drivers/STM32F4xx_HAL_Driver/Src/stm32f4xx_hal_tim_ex.o
                0x00000000080102a0                HAL_TIMEx_MasterConfigSynchronization
 .text.HAL_TIMEx_CommutCallback
                0x0000000008010398       0x14 ./Drivers/STM32F4xx_HAL_Driver/Src/stm32f4xx_hal_tim_ex.o
                0x0000000008010398                HAL_TIMEx_CommutCallback
 .text.HAL_TIMEx_BreakCallback
                0x00000000080103ac       0x14 ./Drivers/STM32F4xx_HAL_Driver/Src/stm32f4xx_hal_tim_ex.o
                0x00000000080103ac                HAL_TIMEx_BreakCallback
 .text.HAL_UART_Init
                0x00000000080103c0       0x9a ./Drivers/STM32F4xx_HAL_Driver/Src/stm32f4xx_hal_uart.o
                0x00000000080103c0                HAL_UART_Init
 .text.HAL_HalfDuplex_Init
                0x000000000801045a       0xaa ./Drivers/STM32F4xx_HAL_Driver/Src/stm32f4xx_hal_uart.o
                0x000000000801045a                HAL_HalfDuplex_Init
 .text.HAL_UART_Transmit
                0x0000000008010504      0x124 ./Drivers/STM32F4xx_HAL_Driver/Src/stm32f4xx_hal_uart.o
                0x0000000008010504                HAL_UART_Transmit
 .text.HAL_UART_Transmit_DMA
                0x0000000008010628       0xfc ./Drivers/STM32F4xx_HAL_Driver/Src/stm32f4xx_hal_uart.o
                0x0000000008010628                HAL_UART_Transmit_DMA
 .text.HAL_UART_Receive_DMA
                0x0000000008010724       0x60 ./Drivers/STM32F4xx_HAL_Driver/Src/stm32f4xx_hal_uart.o
                0x0000000008010724                HAL_UART_Receive_DMA
 .text.HAL_UART_IRQHandler
                0x0000000008010784      0x51c ./Drivers/STM32F4xx_HAL_Driver/Src/stm32f4xx_hal_uart.o
                0x0000000008010784                HAL_UART_IRQHandler
 .text.HAL_UART_TxHalfCpltCallback
                0x0000000008010ca0       0x14 ./Drivers/STM32F4xx_HAL_Driver/Src/stm32f4xx_hal_uart.o
                0x0000000008010ca0                HAL_UART_TxHalfCpltCallback
 .text.HAL_UART_RxHalfCpltCallback
                0x0000000008010cb4       0x14 ./Drivers/STM32F4xx_HAL_Driver/Src/stm32f4xx_hal_uart.o
                0x0000000008010cb4                HAL_UART_RxHalfCpltCallback
 .text.HAL_UART_ErrorCallback
                0x0000000008010cc8       0x14 ./Drivers/STM32F4xx_HAL_Driver/Src/stm32f4xx_hal_uart.o
                0x0000000008010cc8                HAL_UART_ErrorCallback
 .text.HAL_UARTEx_RxEventCallback
                0x0000000008010cdc       0x18 ./Drivers/STM32F4xx_HAL_Driver/Src/stm32f4xx_hal_uart.o
                0x0000000008010cdc                HAL_UARTEx_RxEventCallback
 .text.HAL_HalfDuplex_EnableTransmitter
                0x0000000008010cf4       0x68 ./Drivers/STM32F4xx_HAL_Driver/Src/stm32f4xx_hal_uart.o
                0x0000000008010cf4                HAL_HalfDuplex_EnableTransmitter
 .text.UART_DMATransmitCplt
                0x0000000008010d5c       0x9a ./Drivers/STM32F4xx_HAL_Driver/Src/stm32f4xx_hal_uart.o
 .text.UART_DMATxHalfCplt
                0x0000000008010df6       0x1c ./Drivers/STM32F4xx_HAL_Driver/Src/stm32f4xx_hal_uart.o
 .text.UART_DMAReceiveCplt
                0x0000000008010e12      0x126 ./Drivers/STM32F4xx_HAL_Driver/Src/stm32f4xx_hal_uart.o
 .text.UART_DMARxHalfCplt
                0x0000000008010f38       0x36 ./Drivers/STM32F4xx_HAL_Driver/Src/stm32f4xx_hal_uart.o
 .text.UART_DMAError
                0x0000000008010f6e       0x94 ./Drivers/STM32F4xx_HAL_Driver/Src/stm32f4xx_hal_uart.o
 .text.UART_WaitOnFlagUntilTimeout
                0x0000000008011002       0xdc ./Drivers/STM32F4xx_HAL_Driver/Src/stm32f4xx_hal_uart.o
 *fill*         0x00000000080110de        0x2 
 .text.UART_Start_Receive_DMA
                0x00000000080110e0      0x13c ./Drivers/STM32F4xx_HAL_Driver/Src/stm32f4xx_hal_uart.o
                0x00000000080110e0                UART_Start_Receive_DMA
 .text.UART_EndTxTransfer
                0x000000000801121c       0x50 ./Drivers/STM32F4xx_HAL_Driver/Src/stm32f4xx_hal_uart.o
 .text.UART_EndRxTransfer
                0x000000000801126c       0xc6 ./Drivers/STM32F4xx_HAL_Driver/Src/stm32f4xx_hal_uart.o
 .text.UART_DMAAbortOnError
                0x0000000008011332       0x28 ./Drivers/STM32F4xx_HAL_Driver/Src/stm32f4xx_hal_uart.o
 .text.UART_Transmit_IT
                0x000000000801135a       0xa0 ./Drivers/STM32F4xx_HAL_Driver/Src/stm32f4xx_hal_uart.o
 .text.UART_EndTransmit_IT
                0x00000000080113fa       0x30 ./Drivers/STM32F4xx_HAL_Driver/Src/stm32f4xx_hal_uart.o
 .text.UART_Receive_IT
                0x000000000801142a      0x176 ./Drivers/STM32F4xx_HAL_Driver/Src/stm32f4xx_hal_uart.o
 .text.UART_SetConfig
                0x00000000080115a0      0x4e8 ./Drivers/STM32F4xx_HAL_Driver/Src/stm32f4xx_hal_uart.o
 .text.LL_EXTI_EnableIT_0_31
                0x0000000008011a88       0x24 ./Drivers/STM32F4xx_HAL_Driver/Src/stm32f4xx_ll_exti.o
 .text.LL_EXTI_DisableIT_0_31
                0x0000000008011aac       0x28 ./Drivers/STM32F4xx_HAL_Driver/Src/stm32f4xx_ll_exti.o
 .text.LL_EXTI_EnableEvent_0_31
                0x0000000008011ad4       0x24 ./Drivers/STM32F4xx_HAL_Driver/Src/stm32f4xx_ll_exti.o
 .text.LL_EXTI_DisableEvent_0_31
                0x0000000008011af8       0x28 ./Drivers/STM32F4xx_HAL_Driver/Src/stm32f4xx_ll_exti.o
 .text.LL_EXTI_EnableRisingTrig_0_31
                0x0000000008011b20       0x24 ./Drivers/STM32F4xx_HAL_Driver/Src/stm32f4xx_ll_exti.o
 .text.LL_EXTI_DisableRisingTrig_0_31
                0x0000000008011b44       0x28 ./Drivers/STM32F4xx_HAL_Driver/Src/stm32f4xx_ll_exti.o
 .text.LL_EXTI_EnableFallingTrig_0_31
                0x0000000008011b6c       0x24 ./Drivers/STM32F4xx_HAL_Driver/Src/stm32f4xx_ll_exti.o
 .text.LL_EXTI_DisableFallingTrig_0_31
                0x0000000008011b90       0x28 ./Drivers/STM32F4xx_HAL_Driver/Src/stm32f4xx_ll_exti.o
 .text.LL_EXTI_Init
                0x0000000008011bb8      0x102 ./Drivers/STM32F4xx_HAL_Driver/Src/stm32f4xx_ll_exti.o
                0x0000000008011bb8                LL_EXTI_Init
 .text.LL_GPIO_SetPinMode
                0x0000000008011cba       0x5e ./Drivers/STM32F4xx_HAL_Driver/Src/stm32f4xx_ll_gpio.o
 .text.LL_GPIO_SetPinOutputType
                0x0000000008011d18       0x30 ./Drivers/STM32F4xx_HAL_Driver/Src/stm32f4xx_ll_gpio.o
 .text.LL_GPIO_SetPinSpeed
                0x0000000008011d48       0x5e ./Drivers/STM32F4xx_HAL_Driver/Src/stm32f4xx_ll_gpio.o
 .text.LL_GPIO_SetPinPull
                0x0000000008011da6       0x5e ./Drivers/STM32F4xx_HAL_Driver/Src/stm32f4xx_ll_gpio.o
 .text.LL_GPIO_SetAFPin_0_7
                0x0000000008011e04       0x5e ./Drivers/STM32F4xx_HAL_Driver/Src/stm32f4xx_ll_gpio.o
 .text.LL_GPIO_SetAFPin_8_15
                0x0000000008011e62       0x62 ./Drivers/STM32F4xx_HAL_Driver/Src/stm32f4xx_ll_gpio.o
 .text.LL_GPIO_Init
                0x0000000008011ec4       0xe6 ./Drivers/STM32F4xx_HAL_Driver/Src/stm32f4xx_ll_gpio.o
                0x0000000008011ec4                LL_GPIO_Init
 *fill*         0x0000000008011faa        0x2 
 .text.LL_RCC_GetSysClkSource
                0x0000000008011fac       0x1c ./Drivers/STM32F4xx_HAL_Driver/Src/stm32f4xx_ll_rcc.o
 .text.LL_RCC_GetAHBPrescaler
                0x0000000008011fc8       0x1c ./Drivers/STM32F4xx_HAL_Driver/Src/stm32f4xx_ll_rcc.o
 .text.LL_RCC_GetAPB1Prescaler
                0x0000000008011fe4       0x1c ./Drivers/STM32F4xx_HAL_Driver/Src/stm32f4xx_ll_rcc.o
 .text.LL_RCC_GetAPB2Prescaler
                0x0000000008012000       0x1c ./Drivers/STM32F4xx_HAL_Driver/Src/stm32f4xx_ll_rcc.o
 .text.LL_RCC_PLL_GetMainSource
                0x000000000801201c       0x1c ./Drivers/STM32F4xx_HAL_Driver/Src/stm32f4xx_ll_rcc.o
 .text.LL_RCC_PLL_GetN
                0x0000000008012038       0x1c ./Drivers/STM32F4xx_HAL_Driver/Src/stm32f4xx_ll_rcc.o
 .text.LL_RCC_PLL_GetP
                0x0000000008012054       0x1c ./Drivers/STM32F4xx_HAL_Driver/Src/stm32f4xx_ll_rcc.o
 .text.LL_RCC_PLL_GetR
                0x0000000008012070       0x1c ./Drivers/STM32F4xx_HAL_Driver/Src/stm32f4xx_ll_rcc.o
 .text.LL_RCC_PLL_GetDivider
                0x000000000801208c       0x1c ./Drivers/STM32F4xx_HAL_Driver/Src/stm32f4xx_ll_rcc.o
 .text.LL_RCC_GetSystemClocksFreq
                0x00000000080120a8       0x4a ./Drivers/STM32F4xx_HAL_Driver/Src/stm32f4xx_ll_rcc.o
                0x00000000080120a8                LL_RCC_GetSystemClocksFreq
 *fill*         0x00000000080120f2        0x2 
 .text.RCC_GetSystemClockFreq
                0x00000000080120f4       0x88 ./Drivers/STM32F4xx_HAL_Driver/Src/stm32f4xx_ll_rcc.o
                0x00000000080120f4                RCC_GetSystemClockFreq
 .text.RCC_GetHCLKClockFreq
                0x000000000801217c       0x2c ./Drivers/STM32F4xx_HAL_Driver/Src/stm32f4xx_ll_rcc.o
                0x000000000801217c                RCC_GetHCLKClockFreq
 .text.RCC_GetPCLK1ClockFreq
                0x00000000080121a8       0x28 ./Drivers/STM32F4xx_HAL_Driver/Src/stm32f4xx_ll_rcc.o
                0x00000000080121a8                RCC_GetPCLK1ClockFreq
 .text.RCC_GetPCLK2ClockFreq
                0x00000000080121d0       0x28 ./Drivers/STM32F4xx_HAL_Driver/Src/stm32f4xx_ll_rcc.o
                0x00000000080121d0                RCC_GetPCLK2ClockFreq
 .text.RCC_PLL_GetFreqDomain_SYS
                0x00000000080121f8       0xa4 ./Drivers/STM32F4xx_HAL_Driver/Src/stm32f4xx_ll_rcc.o
                0x00000000080121f8                RCC_PLL_GetFreqDomain_SYS
 .text.LL_TIM_SetPrescaler
                0x000000000801229c       0x1c ./Drivers/STM32F4xx_HAL_Driver/Src/stm32f4xx_ll_tim.o
 .text.LL_TIM_SetAutoReload
                0x00000000080122b8       0x1c ./Drivers/STM32F4xx_HAL_Driver/Src/stm32f4xx_ll_tim.o
 .text.LL_TIM_SetRepetitionCounter
                0x00000000080122d4       0x1c ./Drivers/STM32F4xx_HAL_Driver/Src/stm32f4xx_ll_tim.o
 .text.LL_TIM_OC_SetCompareCH1
                0x00000000080122f0       0x1c ./Drivers/STM32F4xx_HAL_Driver/Src/stm32f4xx_ll_tim.o
 .text.LL_TIM_OC_SetCompareCH2
                0x000000000801230c       0x1c ./Drivers/STM32F4xx_HAL_Driver/Src/stm32f4xx_ll_tim.o
 .text.LL_TIM_OC_SetCompareCH3
                0x0000000008012328       0x1c ./Drivers/STM32F4xx_HAL_Driver/Src/stm32f4xx_ll_tim.o
 .text.LL_TIM_OC_SetCompareCH4
                0x0000000008012344       0x1c ./Drivers/STM32F4xx_HAL_Driver/Src/stm32f4xx_ll_tim.o
 .text.LL_TIM_GenerateEvent_UPDATE
                0x0000000008012360       0x20 ./Drivers/STM32F4xx_HAL_Driver/Src/stm32f4xx_ll_tim.o
 .text.LL_TIM_Init
                0x0000000008012380      0x134 ./Drivers/STM32F4xx_HAL_Driver/Src/stm32f4xx_ll_tim.o
                0x0000000008012380                LL_TIM_Init
 .text.LL_TIM_OC_Init
                0x00000000080124b4       0x82 ./Drivers/STM32F4xx_HAL_Driver/Src/stm32f4xx_ll_tim.o
                0x00000000080124b4                LL_TIM_OC_Init
 *fill*         0x0000000008012536        0x2 
 .text.OC1Config
                0x0000000008012538       0xd8 ./Drivers/STM32F4xx_HAL_Driver/Src/stm32f4xx_ll_tim.o
 .text.OC2Config
                0x0000000008012610       0xe0 ./Drivers/STM32F4xx_HAL_Driver/Src/stm32f4xx_ll_tim.o
 .text.OC3Config
                0x00000000080126f0       0xe0 ./Drivers/STM32F4xx_HAL_Driver/Src/stm32f4xx_ll_tim.o
 .text.OC4Config
                0x00000000080127d0       0xb0 ./Drivers/STM32F4xx_HAL_Driver/Src/stm32f4xx_ll_tim.o
 .text.LL_USART_IsEnabled
                0x0000000008012880       0x28 ./Drivers/STM32F4xx_HAL_Driver/Src/stm32f4xx_ll_usart.o
 .text.LL_USART_SetStopBitsLength
                0x00000000080128a8       0x26 ./Drivers/STM32F4xx_HAL_Driver/Src/stm32f4xx_ll_usart.o
 .text.LL_USART_SetHWFlowCtrl
                0x00000000080128ce       0x26 ./Drivers/STM32F4xx_HAL_Driver/Src/stm32f4xx_ll_usart.o
 .text.LL_USART_SetBaudRate
                0x00000000080128f4      0x458 ./Drivers/STM32F4xx_HAL_Driver/Src/stm32f4xx_ll_usart.o
 .text.LL_USART_Init
                0x0000000008012d4c      0x100 ./Drivers/STM32F4xx_HAL_Driver/Src/stm32f4xx_ll_usart.o
                0x0000000008012d4c                LL_USART_Init
 .text.LL_InitTick
                0x0000000008012e4c       0x34 ./Drivers/STM32F4xx_HAL_Driver/Src/stm32f4xx_ll_utils.o
 .text.LL_Init1msTick
                0x0000000008012e80       0x1a ./Drivers/STM32F4xx_HAL_Driver/Src/stm32f4xx_ll_utils.o
                0x0000000008012e80                LL_Init1msTick
 *fill*         0x0000000008012e9a        0x2 
 .text.LL_SetSystemCoreClock
                0x0000000008012e9c       0x20 ./Drivers/STM32F4xx_HAL_Driver/Src/stm32f4xx_ll_utils.o
                0x0000000008012e9c                LL_SetSystemCoreClock
 .text.__cxa_pure_virtual
                0x0000000008012ebc        0x6 c:/st/stm32cubeide_1.7.0/stm32cubeide/plugins/com.st.stm32cube.ide.mcu.externaltools.gnu-tools-for-stm32.10.3-2021.10.win32_1.0.0.202111181127/tools/bin/../lib/gcc/arm-none-eabi/10.3.1/../../../../arm-none-eabi/lib/thumb/v7e-m+fp/hard\libstdc++_nano.a(pure.o)
                0x0000000008012ebc                __cxa_pure_virtual
 .text._ZN10__cxxabiv111__terminateEPFvvE